Archive member included to satisfy reference by file (symbol)

C:/ST/STM32CubeIDE_1.18.0/STM32CubeIDE/plugins/com.st.stm32cube.ide.mcu.externaltools.gnu-tools-for-stm32.13.3.rel1.win32_1.0.0.202411081344/tools/bin/../lib/gcc/arm-none-eabi/13.3.1/../../../../arm-none-eabi/lib/thumb/v7-m/nofp\libstdc++_nano.a(del_ops.o)
                              ./Core/Src/main.o (operator delete(void*, unsigned int))
C:/ST/STM32CubeIDE_1.18.0/STM32CubeIDE/plugins/com.st.stm32cube.ide.mcu.externaltools.gnu-tools-for-stm32.13.3.rel1.win32_1.0.0.202411081344/tools/bin/../lib/gcc/arm-none-eabi/13.3.1/../../../../arm-none-eabi/lib/thumb/v7-m/nofp\libstdc++_nano.a(del_opv.o)
                              ./Core/Src/main.o (operator delete[](void*))
C:/ST/STM32CubeIDE_1.18.0/STM32CubeIDE/plugins/com.st.stm32cube.ide.mcu.externaltools.gnu-tools-for-stm32.13.3.rel1.win32_1.0.0.202411081344/tools/bin/../lib/gcc/arm-none-eabi/13.3.1/../../../../arm-none-eabi/lib/thumb/v7-m/nofp\libstdc++_nano.a(new_op.o)
                              ./Core/Src/main.o (operator new(unsigned int))
C:/ST/STM32CubeIDE_1.18.0/STM32CubeIDE/plugins/com.st.stm32cube.ide.mcu.externaltools.gnu-tools-for-stm32.13.3.rel1.win32_1.0.0.202411081344/tools/bin/../lib/gcc/arm-none-eabi/13.3.1/../../../../arm-none-eabi/lib/thumb/v7-m/nofp\libstdc++_nano.a(new_opv.o)
                              ./Core/Src/main.o (operator new[](unsigned int))
C:/ST/STM32CubeIDE_1.18.0/STM32CubeIDE/plugins/com.st.stm32cube.ide.mcu.externaltools.gnu-tools-for-stm32.13.3.rel1.win32_1.0.0.202411081344/tools/bin/../lib/gcc/arm-none-eabi/13.3.1/../../../../arm-none-eabi/lib/thumb/v7-m/nofp\libstdc++_nano.a(functexcept.o)
                              ./Core/Src/main.o (std::__throw_bad_alloc())
C:/ST/STM32CubeIDE_1.18.0/STM32CubeIDE/plugins/com.st.stm32cube.ide.mcu.externaltools.gnu-tools-for-stm32.13.3.rel1.win32_1.0.0.202411081344/tools/bin/../lib/gcc/arm-none-eabi/13.3.1/../../../../arm-none-eabi/lib/thumb/v7-m/nofp\libstdc++_nano.a(del_op.o)
                              C:/ST/STM32CubeIDE_1.18.0/STM32CubeIDE/plugins/com.st.stm32cube.ide.mcu.externaltools.gnu-tools-for-stm32.13.3.rel1.win32_1.0.0.202411081344/tools/bin/../lib/gcc/arm-none-eabi/13.3.1/../../../../arm-none-eabi/lib/thumb/v7-m/nofp\libstdc++_nano.a(del_ops.o) (operator delete(void*))
C:/ST/STM32CubeIDE_1.18.0/STM32CubeIDE/plugins/com.st.stm32cube.ide.mcu.externaltools.gnu-tools-for-stm32.13.3.rel1.win32_1.0.0.202411081344/tools/bin/../lib/gcc/arm-none-eabi/13.3.1/../../../../arm-none-eabi/lib/thumb/v7-m/nofp\libstdc++_nano.a(new_handler.o)
                              C:/ST/STM32CubeIDE_1.18.0/STM32CubeIDE/plugins/com.st.stm32cube.ide.mcu.externaltools.gnu-tools-for-stm32.13.3.rel1.win32_1.0.0.202411081344/tools/bin/../lib/gcc/arm-none-eabi/13.3.1/../../../../arm-none-eabi/lib/thumb/v7-m/nofp\libstdc++_nano.a(new_op.o) (std::get_new_handler())
C:/ST/STM32CubeIDE_1.18.0/STM32CubeIDE/plugins/com.st.stm32cube.ide.mcu.externaltools.gnu-tools-for-stm32.13.3.rel1.win32_1.0.0.202411081344/tools/bin/../lib/gcc/arm-none-eabi/13.3.1/../../../../arm-none-eabi/lib/thumb/v7-m/nofp\libc_nano.a(libc_a-abort.o)
                              C:/ST/STM32CubeIDE_1.18.0/STM32CubeIDE/plugins/com.st.stm32cube.ide.mcu.externaltools.gnu-tools-for-stm32.13.3.rel1.win32_1.0.0.202411081344/tools/bin/../lib/gcc/arm-none-eabi/13.3.1/../../../../arm-none-eabi/lib/thumb/v7-m/nofp\libstdc++_nano.a(new_op.o) (abort)
C:/ST/STM32CubeIDE_1.18.0/STM32CubeIDE/plugins/com.st.stm32cube.ide.mcu.externaltools.gnu-tools-for-stm32.13.3.rel1.win32_1.0.0.202411081344/tools/bin/../lib/gcc/arm-none-eabi/13.3.1/../../../../arm-none-eabi/lib/thumb/v7-m/nofp\libc_nano.a(libc_a-exit.o)
                              C:/ST/STM32CubeIDE_1.18.0/STM32CubeIDE/plugins/com.st.stm32cube.ide.mcu.externaltools.gnu-tools-for-stm32.13.3.rel1.win32_1.0.0.202411081344/tools/bin/../lib/gcc/arm-none-eabi/13.3.1/../../../../arm-none-eabi/lib/thumb/v7-m/nofp/crt0.o (exit)
C:/ST/STM32CubeIDE_1.18.0/STM32CubeIDE/plugins/com.st.stm32cube.ide.mcu.externaltools.gnu-tools-for-stm32.13.3.rel1.win32_1.0.0.202411081344/tools/bin/../lib/gcc/arm-none-eabi/13.3.1/../../../../arm-none-eabi/lib/thumb/v7-m/nofp\libc_nano.a(libc_a-malloc.o)
                              C:/ST/STM32CubeIDE_1.18.0/STM32CubeIDE/plugins/com.st.stm32cube.ide.mcu.externaltools.gnu-tools-for-stm32.13.3.rel1.win32_1.0.0.202411081344/tools/bin/../lib/gcc/arm-none-eabi/13.3.1/../../../../arm-none-eabi/lib/thumb/v7-m/nofp\libstdc++_nano.a(new_op.o) (malloc)
C:/ST/STM32CubeIDE_1.18.0/STM32CubeIDE/plugins/com.st.stm32cube.ide.mcu.externaltools.gnu-tools-for-stm32.13.3.rel1.win32_1.0.0.202411081344/tools/bin/../lib/gcc/arm-none-eabi/13.3.1/../../../../arm-none-eabi/lib/thumb/v7-m/nofp\libc_nano.a(libc_a-mallocr.o)
[...]
Memory Configuration

Name             Origin             Length             Attributes
RAM              0x20000000         0x00005000         xrw
FLASH            0x08000000         0x00010000         xr
*default*        0x00000000         0xffffffff

Linker script and memory map

LOAD C:/ST/STM32CubeIDE_1.18.0/STM32CubeIDE/plugins/com.st.stm32cube.ide.mcu.externaltools.gnu-tools-for-stm32.13.3.rel1.win32_1.0.0.202411081344/tools/bin/../lib/gcc/arm-none-eabi/13.3.1/thumb/v7-m/nofp/crti.o
LOAD C:/ST/STM32CubeIDE_1.18.0/STM32CubeIDE/plugins/com.st.stm32cube.ide.mcu.externaltools.gnu-tools-for-stm32.13.3.rel1.win32_1.0.0.202411081344/tools/bin/../lib/gcc/arm-none-eabi/13.3.1/thumb/v7-m/nofp/crtbegin.o
LOAD C:/ST/STM32CubeIDE_1.18.0/STM32CubeIDE/plugins/com.st.stm32cube.ide.mcu.externaltools.gnu-tools-for-stm32.13.3.rel1.win32_1.0.0.202411081344/tools/bin/../lib/gcc/arm-none-eabi/13.3.1/../../../../arm-none-eabi/lib/thumb/v7-m/nofp/crt0.o
LOAD ./Core/Src/main.o
LOAD ./Core/Src/stm32f1xx_hal_msp.o
LOAD ./Core/Src/stm32f1xx_it.o
LOAD ./Core/Src/syscalls.o
LOAD ./Core/Src/sysmem.o
LOAD ./Core/Src/system_stm32f1xx.o
LOAD ./Core/Startup/startup_stm32f103c8tx.o
LOAD ./Drivers/STM32F1xx_HAL_Driver/Src/stm32f1xx_hal.o
LOAD ./Drivers/STM32F1xx_HAL_Driver/Src/stm32f1xx_hal_adc.o
LOAD ./Drivers/STM32F1xx_HAL_Driver/Src/stm32f1xx_hal_adc_ex.o
LOAD ./Drivers/STM32F1xx_HAL_Driver/Src/stm32f1xx_hal_cortex.o
LOAD ./Drivers/STM32F1xx_HAL_Driver/Src/stm32f1xx_hal_dma.o
LOAD ./Drivers/STM32F1xx_HAL_Driver/Src/stm32f1xx_hal_exti.o
LOAD ./Drivers/STM32F1xx_HAL_Driver/Src/stm32f1xx_hal_flash.o
LOAD ./Drivers/STM32F1xx_HAL_Driver/Src/stm32f1xx_hal_flash_ex.o
LOAD ./Drivers/STM32F1xx_HAL_Driver/Src/stm32f1xx_hal_gpio.o
LOAD ./Drivers/STM32F1xx_HAL_Driver/Src/stm32f1xx_hal_gpio_ex.o
LOAD ./Drivers/STM32F1xx_HAL_Driver/Src/stm32f1xx_hal_pwr.o
LOAD ./Drivers/STM32F1xx_HAL_Driver/Src/stm32f1xx_hal_rcc.o
LOAD ./Drivers/STM32F1xx_HAL_Driver/Src/stm32f1xx_hal_rcc_ex.o
LOAD ./Drivers/STM32F1xx_HAL_Driver/Src/stm32f1xx_hal_tim.o
LOAD ./Drivers/STM32F1xx_HAL_Driver/Src/stm32f1xx_hal_tim_ex.o
START GROUP
LOAD C:/ST/STM32CubeIDE_1.18.0/STM32CubeIDE/plugins/com.st.stm32cube.ide.mcu.externaltools.gnu-tools-for-stm32.13.3.rel1.win32_1.0.0.202411081344/tools/bin/../lib/gcc/arm-none-eabi/13.3.1/../../../../arm-none-eabi/lib/thumb/v7-m/nofp\libstdc++_nano.a
LOAD C:/ST/STM32CubeIDE_1.18.0/STM32CubeIDE/plugins/com.st.stm32cube.ide.mcu.externaltools.gnu-tools-for-stm32.13.3.rel1.win32_1.0.0.202411081344/tools/bin/../lib/gcc/arm-none-eabi/13.3.1/../../../../arm-none-eabi/lib/thumb/v7-m/nofp\libsupc++_nano.a
END GROUP
LOAD C:/ST/STM32CubeIDE_1.18.0/STM32CubeIDE/plugins/com.st.stm32cube.ide.mcu.externaltools.gnu-tools-for-stm32.13.3.rel1.win32_1.0.0.202411081344/tools/bin/../lib/gcc/arm-none-eabi/13.3.1/../../../../arm-none-eabi/lib/thumb/v7-m/nofp\libstdc++_nano.a
LOAD C:/ST/STM32CubeIDE_1.18.0/STM32CubeIDE/plugins/com.st.stm32cube.ide.mcu.externaltools.gnu-tools-for-stm32.13.3.rel1.win32_1.0.0.202411081344/tools/bin/../lib/gcc/arm-none-eabi/13.3.1/../../../../arm-none-eabi/lib/thumb/v7-m/nofp\libm.a
LOAD C:/ST/STM32CubeIDE_1.18.0/STM32CubeIDE/plugins/com.st.stm32cube.ide.mcu.externaltools.gnu-tools-for-stm32.13.3.rel1.win32_1.0.0.202411081344/tools/bin/../lib/gcc/arm-none-eabi/13.3.1/../../../../arm-none-eabi/lib/thumb/v7-m/nofp\libc_nano.a
START GROUP
LOAD C:/ST/STM32CubeIDE_1.18.0/STM32CubeIDE/plugins/com.st.stm32cube.ide.mcu.externaltools.gnu-tools-for-stm32.13.3.rel1.win32_1.0.0.202411081344/tools/bin/../lib/gcc/arm-none-eabi/13.3.1/thumb/v7-m/nofp\libgcc.a
LOAD C:/ST/STM32CubeIDE_1.18.0/STM32CubeIDE/plugins/com.st.stm32cube.ide.mcu.externaltools.gnu-tools-for-stm32.13.3.rel1.win32_1.0.0.202411081344/tools/bin/../lib/gcc/arm-none-eabi/13.3.1/../../../../arm-none-eabi/lib/thumb/v7-m/nofp\libc_nano.a
END GROUP
START GROUP
LOAD C:/ST/STM32CubeIDE_1.18.0/STM32CubeIDE/plugins/com.st.stm32cube.ide.mcu.externaltools.gnu-tools-for-stm32.13.3.rel1.win32_1.0.0.202411081344/tools/bin/../lib/gcc/arm-none-eabi/13.3.1/thumb/v7-m/nofp\libgcc.a
LOAD C:/ST/STM32CubeIDE_1.18.0/STM32CubeIDE/plugins/com.st.stm32cube.ide.mcu.externaltools.gnu-tools-for-stm32.13.3.rel1.win32_1.0.0.202411081344/tools/bin/../lib/gcc/arm-none-eabi/13.3.1/../../../../arm-none-eabi/lib/thumb/v7-m/nofp\libc_nano.a
END GROUP
LOAD C:/ST/STM32CubeIDE_1.18.0/STM32CubeIDE/plugins/com.st.stm32cube.ide.mcu.externaltools.gnu-tools-for-stm32.13.3.rel1.win32_1.0.0.202411081344/tools/bin/../lib/gcc/arm-none-eabi/13.3.1/thumb/v7-m/nofp/crtend.o
LOAD C:/ST/STM32CubeIDE_1.18.0/STM32CubeIDE/plugins/com.st.stm32cube.ide.mcu.externaltools.gnu-tools-for-stm32.13.3.rel1.win32_1.0.0.202411081344/tools/bin/../lib/gcc/arm-none-eabi/13.3.1/thumb/v7-m/nofp/crtn.o
                0x20005000                        _estack = (ORIGIN (RAM) + LENGTH (RAM))
                0x00000200                        _Min_Heap_Size = 0x200
                0x00000400                        _Min_Stack_Size = 0x400

.isr_vector     0x08000000      0x10c
                0x08000000                        . = ALIGN (0x4)
 *(.isr_vector)
 .isr_vector    0x08000000      0x10c ./Core/Startup/startup_stm32f103c8tx.o
                0x08000000                g_pfnVectors
                0x0800010c                        . = ALIGN (0x4)

.text           0x0800010c     0x4384
                0x0800010c                        . = ALIGN (0x4)
 *(.text)
 .text          0x0800010c       0x40 C:/ST/STM32CubeIDE_1.18.0/STM32CubeIDE/plugins/com.st.stm32cube.ide.mcu.externaltools.gnu-tools-for-stm32.13.3.rel1.win32_1.0.0.202411081344/tools/bin/../lib/gcc/arm-none-eabi/13.3.1/thumb/v7-m/nofp/crtbegin.o
 *(.text*)
 .text._ZN8EncodersC2Ev
                0x0800014c       0x48 ./Core/Src/main.o
                0x0800014c                Encoders::Encoders()
                0x0800014c                Encoders::Encoders()
 .text._ZN8Encoders6updateEP17TIM_HandleTypeDef
                0x08000194       0x48 ./Core/Src/main.o
                0x08000194                Encoders::update(TIM_HandleTypeDef*)
 .text._ZN8Encoders10initializeEv
                0x080001dc       0x30 ./Core/Src/main.o
                0x080001dc                Encoders::initialize()
 .text._ZN8Encoders5resetEv
                0x0800020c       0x54 ./Core/Src/main.o
                0x0800020c                Encoders::reset()
 .text._ZN5CoordC2Eii
                0x08000260       0x24 ./Core/Src/main.o
                0x08000260                Coord::Coord(int, int)
                0x08000260                Coord::Coord(int, int)
 .text._ZN5MouseC2Ev
                0x08000284       0x2a ./Core/Src/main.o
                0x08000284                Mouse::Mouse()
                0x08000284                Mouse::Mouse()
 .text._ZN7Sensors6updateEv
                0x080002ae       0x50 ./Core/Src/main.o
                0x080002ae                Sensors::update()
 *fill*         0x080002fe        0x2 
 .text._ZN7Sensors15ADC1_Select_CH4Ev
                0x08000300       0x48 ./Core/Src/main.o
                0x08000300                Sensors::ADC1_Select_CH4()
 .text._ZN7Sensors15ADC1_Select_CH5Ev
                0x08000348       0x48 ./Core/Src/main.o
                0x08000348                Sensors::ADC1_Select_CH5()
 .text._ZN7Sensors15ADC1_Select_CH8Ev
                0x08000390       0x48 ./Core/Src/main.o
                0x08000390                Sensors::ADC1_Select_CH8()
 .text._ZN7Sensors15ADC1_Select_CH9Ev
                0x080003d8       0x48 ./Core/Src/main.o
                0x080003d8                Sensors::ADC1_Select_CH9()
 .text._ZN7Sensors12measure_distE6dist_t
                0x08000420       0xd8 ./Core/Src/main.o
                0x08000420                Sensors::measure_dist(dist_t)
 .text._ZN4Maze14set_goal_cellsEb
                0x080004f8      0x10e ./Core/Src/main.o
                0x080004f8                Maze::set_goal_cells(bool)
 .text._ZN4MazeC2Ev
                0x08000606       0x1a ./Core/Src/main.o
                0x08000606                Maze::Maze()
                0x08000606                Maze::Maze()
 .text._ZN4MazeD2Ev
                0x08000620       0x24 ./Core/Src/main.o
                0x08000620                Maze::~Maze()
                0x08000620                Maze::~Maze()
 .text._ZN13MotionProfileC2Ev
                0x08000644       0x4a ./Core/Src/main.o
                0x08000644                MotionProfile::MotionProfile()
                0x08000644                MotionProfile::MotionProfile()
 .text._ZSt16__deque_buf_sizej
                0x0800068e       0x28 ./Core/Src/main.o
                0x0800068e                std::__deque_buf_size(unsigned int)
 .text._ZNSt5queueI13MotionCommandSt5dequeIS0_SaIS0_EEED2Ev
                0x080006b6       0x1a ./Core/Src/main.o
                0x080006b6                std::queue<MotionCommand, std::deque<MotionCommand, std::allocator<MotionCommand> > >::~queue()
                0x080006b6                std::queue<MotionCommand, std::deque<MotionCommand, std::allocator<MotionCommand> > >::~queue()
 .text._ZN16MotionControllerC2Ev
                0x080006d0       0x22 ./Core/Src/main.o
                0x080006d0                MotionController::MotionController()
                0x080006d0                MotionController::MotionController()
 .text._ZN16MotionControllerD2Ev
                0x080006f2       0x1c ./Core/Src/main.o
                0x080006f2                MotionController::~MotionController()
                0x080006f2                MotionController::~MotionController()
 *fill*         0x0800070e        0x2 
 .text.HAL_TIM_IC_CaptureCallback
                0x08000710       0x1c ./Core/Src/main.o
                0x08000710                HAL_TIM_IC_CaptureCallback
 .text.main     0x0800072c       0x38 ./Core/Src/main.o
                0x0800072c                main
 .text._Z18SystemClock_Configv
                0x08000764       0xd4 ./Core/Src/main.o
                0x08000764                SystemClock_Config()
 .text._ZL12MX_ADC1_Initv
                0x08000838       0x90 ./Core/Src/main.o
 .text._ZL12MX_TIM2_Initv
                0x080008c8      0x140 ./Core/Src/main.o
 .text._ZL12MX_TIM3_Initv
                0x08000a08       0xbc ./Core/Src/main.o
 .text._ZL12MX_TIM4_Initv
                0x08000ac4       0xbc ./Core/Src/main.o
 .text._ZL12MX_GPIO_Initv
                0x08000b80      0x128 ./Core/Src/main.o
 .text.HAL_TIM_PeriodElapsedCallback
                0x08000ca8       0x34 ./Core/Src/main.o
                0x08000ca8                HAL_TIM_PeriodElapsedCallback
 .text.Error_Handler
                0x08000cdc        0xc ./Core/Src/main.o
                0x08000cdc                Error_Handler
 .text._ZNSt5dequeI13MotionCommandSaIS0_EEC2Ev
                0x08000ce8       0x1a ./Core/Src/main.o
                0x08000ce8                std::deque<MotionCommand, std::allocator<MotionCommand> >::deque()
                0x08000ce8                std::deque<MotionCommand, std::allocator<MotionCommand> >::deque()
 .text._ZNSt5queueI13MotionCommandSt5dequeIS0_SaIS0_EEEC2IS3_vEEv
                0x08000d02       0x28 ./Core/Src/main.o
                0x08000d02                std::queue<MotionCommand, std::deque<MotionCommand, std::allocator<MotionCommand> > >::queue<std::deque<MotionCommand, std::allocator<MotionCommand> >, void>()
                0x08000d02                std::queue<MotionCommand, std::deque<MotionCommand, std::allocator<MotionCommand> > >::queue<std::deque<MotionCommand, std::allocator<MotionCommand> >, void>()
 .text._ZNSt5dequeI13MotionCommandSaIS0_EED2Ev
                0x08000d2a       0x4a ./Core/Src/main.o
                0x08000d2a                std::deque<MotionCommand, std::allocator<MotionCommand> >::~deque()
                0x08000d2a                std::deque<MotionCommand, std::allocator<MotionCommand> >::~deque()
 .text._ZNSt11_Deque_baseI13MotionCommandSaIS0_EE11_Deque_implD2Ev
                0x08000d74       0x1c ./Core/Src/main.o
                0x08000d74                std::_Deque_base<MotionCommand, std::allocator<MotionCommand> >::_Deque_impl::~_Deque_impl()
                0x08000d74                std::_Deque_base<MotionCommand, std::allocator<MotionCommand> >::_Deque_impl::~_Deque_impl()
 .text._ZNSt11_Deque_baseI13MotionCommandSaIS0_EED2Ev
                0x08000d90       0x44 ./Core/Src/main.o
                0x08000d90                std::_Deque_base<MotionCommand, std::allocator<MotionCommand> >::~_Deque_base()
                0x08000d90                std::_Deque_base<MotionCommand, std::allocator<MotionCommand> >::~_Deque_base()
 .text._ZNSt11_Deque_baseI13MotionCommandSaIS0_EEC2Ev
                0x08000dd4       0x22 ./Core/Src/main.o
                0x08000dd4                std::_Deque_base<MotionCommand, std::allocator<MotionCommand> >::_Deque_base()
                0x08000dd4                std::_Deque_base<MotionCommand, std::allocator<MotionCommand> >::_Deque_base()
 .text._ZNSt5dequeI13MotionCommandSaIS0_EE5beginEv
                0x08000df6       0x1e ./Core/Src/main.o
                0x08000df6                std::deque<MotionCommand, std::allocator<MotionCommand> >::begin()
 .text._ZNSt5dequeI13MotionCommandSaIS0_EE3endEv
                0x08000e14       0x1e ./Core/Src/main.o
                0x08000e14                std::deque<MotionCommand, std::allocator<MotionCommand> >::end()
 .text._ZNSt11_Deque_baseI13MotionCommandSaIS0_EE19_M_get_Tp_allocatorEv
                0x08000e32       0x14 ./Core/Src/main.o
                0x08000e32                std::_Deque_base<MotionCommand, std::allocator<MotionCommand> >::_M_get_Tp_allocator()
 .text._ZNSt15_Deque_iteratorI13MotionCommandRS0_PS0_EC2ERKS3_
                0x08000e46       0x36 ./Core/Src/main.o
                0x08000e46                std::_Deque_iterator<MotionCommand, MotionCommand&, MotionCommand*>::_Deque_iterator(std::_Deque_iterator<MotionCommand, MotionCommand&, MotionCommand*> const&)
                0x08000e46                std::_Deque_iterator<MotionCommand, MotionCommand&, MotionCommand*>::_Deque_iterator(std::_Deque_iterator<MotionCommand, MotionCommand&, MotionCommand*> const&)
 .text._ZNSt5dequeI13MotionCommandSaIS0_EE15_M_destroy_dataESt15_Deque_iteratorIS0_RS0_PS0_ES6_RKS1_
                0x08000e7c       0x18 ./Core/Src/main.o
                0x08000e7c                std::deque<MotionCommand, std::allocator<MotionCommand> >::_M_destroy_data(std::_Deque_iterator<MotionCommand, MotionCommand&, MotionCommand*>, std::_Deque_iterator<MotionCommand, MotionCommand&, MotionCommand*>, std::allocator<MotionCommand> const&)
 .text._ZNSt11_Deque_baseI13MotionCommandSaIS0_EE17_M_initialize_mapEj
                0x08000e94       0xcc ./Core/Src/main.o
                0x08000e94                std::_Deque_base<MotionCommand, std::allocator<MotionCommand> >::_M_initialize_map(unsigned int)
 .text._ZNSt11_Deque_baseI13MotionCommandSaIS0_EE16_M_destroy_nodesEPPS0_S4_
                0x08000f60       0x36 ./Core/Src/main.o
                0x08000f60                std::_Deque_base<MotionCommand, std::allocator<MotionCommand> >::_M_destroy_nodes(MotionCommand**, MotionCommand**)
 .text._ZNSt11_Deque_baseI13MotionCommandSaIS0_EE17_M_deallocate_mapEPPS0_j
                0x08000f96       0x42 ./Core/Src/main.o
                0x08000f96                std::_Deque_base<MotionCommand, std::allocator<MotionCommand> >::_M_deallocate_map(MotionCommand**, unsigned int)
 .text._ZNSt11_Deque_baseI13MotionCommandSaIS0_EE11_Deque_implC2Ev
                0x08000fd8       0x22 ./Core/Src/main.o
                0x08000fd8                std::_Deque_base<MotionCommand, std::allocator<MotionCommand> >::_Deque_impl::_Deque_impl()
                0x08000fd8                std::_Deque_base<MotionCommand, std::allocator<MotionCommand> >::_Deque_impl::_Deque_impl()
 .text._ZNSt11_Deque_baseI13MotionCommandSaIS0_EE16_Deque_impl_dataC2Ev
                0x08000ffa       0x32 ./Core/Src/main.o
                0x08000ffa                std::_Deque_base<MotionCommand, std::allocator<MotionCommand> >::_Deque_impl_data::_Deque_impl_data()
                0x08000ffa                std::_Deque_base<MotionCommand, std::allocator<MotionCommand> >::_Deque_impl_data::_Deque_impl_data()
 .text._ZNSt15__new_allocatorI13MotionCommandED2Ev
                0x0800102c       0x14 ./Core/Src/main.o
                0x0800102c                std::__new_allocator<MotionCommand>::~__new_allocator()
                0x0800102c                std::__new_allocator<MotionCommand>::~__new_allocator()
 .text._ZSt3maxIjERKT_S2_S2_
                0x08001040       0x26 ./Core/Src/main.o
                0x08001040                unsigned int const& std::max<unsigned int>(unsigned int const&, unsigned int const&)
 .text._ZNSt11_Deque_baseI13MotionCommandSaIS0_EE15_M_allocate_mapEj
                0x08001066       0x42 ./Core/Src/main.o
                0x08001066                std::_Deque_base<MotionCommand, std::allocator<MotionCommand> >::_M_allocate_map(unsigned int)
 .text._ZNSt11_Deque_baseI13MotionCommandSaIS0_EE15_M_create_nodesEPPS0_S4_
                0x080010a8       0x36 ./Core/Src/main.o
                0x080010a8                std::_Deque_base<MotionCommand, std::allocator<MotionCommand> >::_M_create_nodes(MotionCommand**, MotionCommand**)
 .text._ZNSt15_Deque_iteratorI13MotionCommandRS0_PS0_E11_M_set_nodeEPS2_
                0x080010de       0x38 ./Core/Src/main.o
                0x080010de                std::_Deque_iterator<MotionCommand, MotionCommand&, MotionCommand*>::_M_set_node(MotionCommand**)
 .text._ZNSt11_Deque_baseI13MotionCommandSaIS0_EE18_M_deallocate_nodeEPS0_
                0x08001116       0x30 ./Core/Src/main.o
                0x08001116                std::_Deque_base<MotionCommand, std::allocator<MotionCommand> >::_M_deallocate_node(MotionCommand*)
 .text._ZNKSt11_Deque_baseI13MotionCommandSaIS0_EE20_M_get_map_allocatorEv
                0x08001146       0x26 ./Core/Src/main.o
                0x08001146                std::_Deque_base<MotionCommand, std::allocator<MotionCommand> >::_M_get_map_allocator() const
 .text._ZNSt11_Deque_baseI13MotionCommandSaIS0_EE16_M_allocate_nodeEv
                0x0800116c       0x2c ./Core/Src/main.o
                0x0800116c                std::_Deque_base<MotionCommand, std::allocator<MotionCommand> >::_M_allocate_node()
 .text._ZNSt15_Deque_iteratorI13MotionCommandRS0_PS0_EC2Ev
                0x08001198       0x2c ./Core/Src/main.o
                0x08001198                std::_Deque_iterator<MotionCommand, MotionCommand&, MotionCommand*>::_Deque_iterator()
                0x08001198                std::_Deque_iterator<MotionCommand, MotionCommand&, MotionCommand*>::_Deque_iterator()
 .text._ZNSt15_Deque_iteratorI13MotionCommandRS0_PS0_E14_S_buffer_sizeEv
                0x080011c4       0x10 ./Core/Src/main.o
                0x080011c4                std::_Deque_iterator<MotionCommand, MotionCommand&, MotionCommand*>::_S_buffer_size()
 .text._ZNKSt11_Deque_baseI13MotionCommandSaIS0_EE19_M_get_Tp_allocatorEv
                0x080011d4       0x14 ./Core/Src/main.o
                0x080011d4                std::_Deque_base<MotionCommand, std::allocator<MotionCommand> >::_M_get_Tp_allocator() const
 .text._ZNSt15__new_allocatorIP13MotionCommandED2Ev
                0x080011e8       0x14 ./Core/Src/main.o
                0x080011e8                std::__new_allocator<MotionCommand*>::~__new_allocator()
                0x080011e8                std::__new_allocator<MotionCommand*>::~__new_allocator()
 .text._ZNSt15__new_allocatorIP13MotionCommandE10deallocateEPS1_j
                0x080011fc       0x20 ./Core/Src/main.o
                0x080011fc                std::__new_allocator<MotionCommand*>::deallocate(MotionCommand**, unsigned int)
 .text._ZNSt15__new_allocatorIP13MotionCommandE8allocateEjPKv
                0x0800121c       0x52 ./Core/Src/main.o
                0x0800121c                std::__new_allocator<MotionCommand*>::allocate(unsigned int, void const*)
 .text._ZNSt15__new_allocatorI13MotionCommandE10deallocateEPS0_j
                0x0800126e       0x26 ./Core/Src/main.o
                0x0800126e                std::__new_allocator<MotionCommand>::deallocate(MotionCommand*, unsigned int)
 .text._ZNSt15__new_allocatorI13MotionCommandE8allocateEjPKv
                0x08001294       0x60 ./Core/Src/main.o
                0x08001294                std::__new_allocator<MotionCommand>::allocate(unsigned int, void const*)
 .text._Z41__static_initialization_and_destruction_0v
                0x080012f4       0x3c ./Core/Src/main.o
 .text._Z41__static_initialization_and_destruction_1v
                0x08001330       0x1c ./Core/Src/main.o
 .text._GLOBAL__sub_I_get_steering_adjustment
                0x0800134c        0xa ./Core/Src/main.o
 .text._GLOBAL__sub_D_get_steering_adjustment
                0x08001356        0xa ./Core/Src/main.o
 .text.HAL_MspInit
                0x08001360       0x64 ./Core/Src/stm32f1xx_hal_msp.o
                0x08001360                HAL_MspInit
 .text.HAL_ADC_MspInit
                0x080013c4       0xa8 ./Core/Src/stm32f1xx_hal_msp.o
                0x080013c4                HAL_ADC_MspInit
 .text.HAL_TIM_Base_MspInit
                0x0800146c       0x48 ./Core/Src/stm32f1xx_hal_msp.o
                0x0800146c                HAL_TIM_Base_MspInit
 .text.HAL_TIM_Encoder_MspInit
                0x080014b4       0xf8 ./Core/Src/stm32f1xx_hal_msp.o
                0x080014b4                HAL_TIM_Encoder_MspInit
 .text.HAL_TIM_MspPostInit
                0x080015ac       0x60 ./Core/Src/stm32f1xx_hal_msp.o
                0x080015ac                HAL_TIM_MspPostInit
 .text.NMI_Handler
                0x0800160c        0x8 ./Core/Src/stm32f1xx_it.o
                0x0800160c                NMI_Handler
 .text.HardFault_Handler
                0x08001614        0x8 ./Core/Src/stm32f1xx_it.o
                0x08001614                HardFault_Handler
 .text.MemManage_Handler
                0x0800161c        0x8 ./Core/Src/stm32f1xx_it.o
                0x0800161c                MemManage_Handler
 .text.BusFault_Handler
                0x08001624        0x8 ./Core/Src/stm32f1xx_it.o
                0x08001624                BusFault_Handler
 .text.UsageFault_Handler
                0x0800162c        0x8 ./Core/Src/stm32f1xx_it.o
                0x0800162c                UsageFault_Handler
 .text.SVC_Handler
                0x08001634        0xc ./Core/Src/stm32f1xx_it.o
                0x08001634                SVC_Handler
 .text.DebugMon_Handler
                0x08001640        0xc ./Core/Src/stm32f1xx_it.o
                0x08001640                DebugMon_Handler
 .text.PendSV_Handler
                0x0800164c        0xc ./Core/Src/stm32f1xx_it.o
                0x0800164c                PendSV_Handler
 .text.SysTick_Handler
                0x08001658        0xc ./Core/Src/stm32f1xx_it.o
                0x08001658                SysTick_Handler
 .text.TIM2_IRQHandler
                0x08001664       0x14 ./Core/Src/stm32f1xx_it.o
                0x08001664                TIM2_IRQHandler
 .text.TIM3_IRQHandler
                0x08001678       0x14 ./Core/Src/stm32f1xx_it.o
                0x08001678                TIM3_IRQHandler
 .text.TIM4_IRQHandler
                0x0800168c       0x14 ./Core/Src/stm32f1xx_it.o
                0x0800168c                TIM4_IRQHandler
 .text._getpid  0x080016a0        0xe ./Core/Src/syscalls.o
                0x080016a0                _getpid
 .text._kill    0x080016ae       0x20 ./Core/Src/syscalls.o
                0x080016ae                _kill
 .text._exit    0x080016ce       0x16 ./Core/Src/syscalls.o
                0x080016ce                _exit
 .text._sbrk    0x080016e4       0x6c ./Core/Src/sysmem.o
                0x080016e4                _sbrk
 .text.SystemInit
                0x08001750        0xc ./Core/Src/system_stm32f1xx.o
                0x08001750                SystemInit
 .text.Reset_Handler
                0x0800175c       0x48 ./Core/Startup/startup_stm32f103c8tx.o
                0x0800175c                Reset_Handler
 .text.Default_Handler
                0x080017a4        0x2 ./Core/Startup/startup_stm32f103c8tx.o
                0x080017a4                RTC_Alarm_IRQHandler
                0x080017a4                EXTI2_IRQHandler
                0x080017a4                TIM1_CC_IRQHandler
                0x080017a4                PVD_IRQHandler
                0x080017a4                EXTI3_IRQHandler
                0x080017a4                EXTI0_IRQHandler
                0x080017a4                I2C2_EV_IRQHandler
                0x080017a4                ADC1_2_IRQHandler
                0x080017a4                SPI1_IRQHandler
                0x080017a4                TAMPER_IRQHandler
                0x080017a4                DMA1_Channel4_IRQHandler
                0x080017a4                USART3_IRQHandler
                0x080017a4                RTC_IRQHandler
                0x080017a4                DMA1_Channel7_IRQHandler
                0x080017a4                CAN1_RX1_IRQHandler
                0x080017a4                I2C1_EV_IRQHandler
                0x080017a4                DMA1_Channel6_IRQHandler
                0x080017a4                RCC_IRQHandler
                0x080017a4                TIM1_TRG_COM_IRQHandler
                0x080017a4                DMA1_Channel1_IRQHandler
                0x080017a4                Default_Handler
                0x080017a4                EXTI15_10_IRQHandler
                0x080017a4                EXTI9_5_IRQHandler
                0x080017a4                SPI2_IRQHandler
                0x080017a4                DMA1_Channel5_IRQHandler
                0x080017a4                EXTI4_IRQHandler
                0x080017a4                USB_LP_CAN1_RX0_IRQHandler
                0x080017a4                USB_HP_CAN1_TX_IRQHandler
                0x080017a4                DMA1_Channel3_IRQHandler
                0x080017a4                TIM1_UP_IRQHandler
                0x080017a4                WWDG_IRQHandler
                0x080017a4                TIM1_BRK_IRQHandler
                0x080017a4                EXTI1_IRQHandler
                0x080017a4                USART2_IRQHandler
                0x080017a4                I2C2_ER_IRQHandler
                0x080017a4                DMA1_Channel2_IRQHandler
                0x080017a4                CAN1_SCE_IRQHandler
                0x080017a4                FLASH_IRQHandler
                0x080017a4                USART1_IRQHandler
                0x080017a4                I2C1_ER_IRQHandler
                0x080017a4                USBWakeUp_IRQHandler
 *fill*         0x080017a6        0x2 
 .text.HAL_Init
                0x080017a8       0x2c ./Drivers/STM32F1xx_HAL_Driver/Src/stm32f1xx_hal.o
                0x080017a8                HAL_Init
 .text.HAL_InitTick
                0x080017d4       0x60 ./Drivers/STM32F1xx_HAL_Driver/Src/stm32f1xx_hal.o
                0x080017d4                HAL_InitTick
 .text.HAL_IncTick
                0x08001834       0x24 ./Drivers/STM32F1xx_HAL_Driver/Src/stm32f1xx_hal.o
                0x08001834                HAL_IncTick
 .text.HAL_GetTick
                0x08001858       0x14 ./Drivers/STM32F1xx_HAL_Driver/Src/stm32f1xx_hal.o
                0x08001858                HAL_GetTick
 .text.HAL_ADC_Init
                0x0800186c      0x1b0 ./Drivers/STM32F1xx_HAL_Driver/Src/stm32f1xx_hal_adc.o
                0x0800186c                HAL_ADC_Init
 .text.HAL_ADC_Start
                0x08001a1c      0x15c ./Drivers/STM32F1xx_HAL_Driver/Src/stm32f1xx_hal_adc.o
                0x08001a1c                HAL_ADC_Start
 .text.HAL_ADC_Stop
                0x08001b78       0x58 ./Drivers/STM32F1xx_HAL_Driver/Src/stm32f1xx_hal_adc.o
                0x08001b78                HAL_ADC_Stop
 .text.HAL_ADC_PollForConversion
                0x08001bd0      0x20c ./Drivers/STM32F1xx_HAL_Driver/Src/stm32f1xx_hal_adc.o
                0x08001bd0                HAL_ADC_PollForConversion
 .text.HAL_ADC_GetValue
                0x08001ddc       0x18 ./Drivers/STM32F1xx_HAL_Driver/Src/stm32f1xx_hal_adc.o
                0x08001ddc                HAL_ADC_GetValue
 .text.HAL_ADC_ConfigChannel
                0x08001df4      0x1f0 ./Drivers/STM32F1xx_HAL_Driver/Src/stm32f1xx_hal_adc.o
                0x08001df4                HAL_ADC_ConfigChannel
 .text.ADC_Enable
                0x08001fe4       0xb4 ./Drivers/STM32F1xx_HAL_Driver/Src/stm32f1xx_hal_adc.o
                0x08001fe4                ADC_Enable
 .text.ADC_ConversionStop_Disable
                0x08002098       0x82 ./Drivers/STM32F1xx_HAL_Driver/Src/stm32f1xx_hal_adc.o
                0x08002098                ADC_ConversionStop_Disable
 *fill*         0x0800211a        0x2 
 .text.__NVIC_SetPriorityGrouping
                0x0800211c       0x48 ./Drivers/STM32F1xx_HAL_Driver/Src/stm32f1xx_hal_cortex.o
 .text.__NVIC_GetPriorityGrouping
                0x08002164       0x1c ./Drivers/STM32F1xx_HAL_Driver/Src/stm32f1xx_hal_cortex.o
 .text.__NVIC_EnableIRQ
                0x08002180       0x38 ./Drivers/STM32F1xx_HAL_Driver/Src/stm32f1xx_hal_cortex.o
 .text.__NVIC_SetPriority
                0x080021b8       0x54 ./Drivers/STM32F1xx_HAL_Driver/Src/stm32f1xx_hal_cortex.o
 .text.NVIC_EncodePriority
                0x0800220c       0x64 ./Drivers/STM32F1xx_HAL_Driver/Src/stm32f1xx_hal_cortex.o
 .text.SysTick_Config
                0x08002270       0x44 ./Drivers/STM32F1xx_HAL_Driver/Src/stm32f1xx_hal_cortex.o
 .text.HAL_NVIC_SetPriorityGrouping
                0x080022b4       0x16 ./Drivers/STM32F1xx_HAL_Driver/Src/stm32f1xx_hal_cortex.o
                0x080022b4                HAL_NVIC_SetPriorityGrouping
 .text.HAL_NVIC_SetPriority
                0x080022ca       0x38 ./Drivers/STM32F1xx_HAL_Driver/Src/stm32f1xx_hal_cortex.o
                0x080022ca                HAL_NVIC_SetPriority
 .text.HAL_NVIC_EnableIRQ
                0x08002302       0x1c ./Drivers/STM32F1xx_HAL_Driver/Src/stm32f1xx_hal_cortex.o
                0x08002302                HAL_NVIC_EnableIRQ
 .text.HAL_SYSTICK_Config
                0x0800231e       0x18 ./Drivers/STM32F1xx_HAL_Driver/Src/stm32f1xx_hal_cortex.o
                0x0800231e                HAL_SYSTICK_Config
 *fill*         0x08002336        0x2 
 .text.HAL_GPIO_Init
                0x08002338      0x308 ./Drivers/STM32F1xx_HAL_Driver/Src/stm32f1xx_hal_gpio.o
                0x08002338                HAL_GPIO_Init
 .text.HAL_GPIO_WritePin
                0x08002640       0x30 ./Drivers/STM32F1xx_HAL_Driver/Src/stm32f1xx_hal_gpio.o
                0x08002640                HAL_GPIO_WritePin
 .text.HAL_RCC_OscConfig
                0x08002670      0x504 ./Drivers/STM32F1xx_HAL_Driver/Src/stm32f1xx_hal_rcc.o
                0x08002670                HAL_RCC_OscConfig
 .text.HAL_RCC_ClockConfig
                0x08002b74      0x1d4 ./Drivers/STM32F1xx_HAL_Driver/Src/stm32f1xx_hal_rcc.o
                0x08002b74                HAL_RCC_ClockConfig
 .text.HAL_RCC_GetSysClockFreq
                0x08002d48       0xa8 ./Drivers/STM32F1xx_HAL_Driver/Src/stm32f1xx_hal_rcc.o
                0x08002d48                HAL_RCC_GetSysClockFreq
 .text.HAL_RCC_GetHCLKFreq
                0x08002df0       0x14 ./Drivers/STM32F1xx_HAL_Driver/Src/stm32f1xx_hal_rcc.o
                0x08002df0                HAL_RCC_GetHCLKFreq
 .text.HAL_RCC_GetPCLK2Freq
                0x08002e04       0x28 ./Drivers/STM32F1xx_HAL_Driver/Src/stm32f1xx_hal_rcc.o
                0x08002e04                HAL_RCC_GetPCLK2Freq
 .text.RCC_Delay
                0x08002e2c       0x3c ./Drivers/STM32F1xx_HAL_Driver/Src/stm32f1xx_hal_rcc.o
 .text.HAL_RCCEx_PeriphCLKConfig
                0x08002e68      0x16c ./Drivers/STM32F1xx_HAL_Driver/Src/stm32f1xx_hal_rcc_ex.o
                0x08002e68                HAL_RCCEx_PeriphCLKConfig
 .text.HAL_RCCEx_GetPeriphCLKFreq
                0x08002fd4      0x16c ./Drivers/STM32F1xx_HAL_Driver/Src/stm32f1xx_hal_rcc_ex.o
                0x08002fd4                HAL_RCCEx_GetPeriphCLKFreq
 .text.HAL_TIM_Base_Init
                0x08003140       0x9e ./Drivers/STM32F1xx_HAL_Driver/Src/stm32f1xx_hal_tim.o
                0x08003140                HAL_TIM_Base_Init
 *fill*         0x080031de        0x2 
 .text.HAL_TIM_Base_Start_IT
                0x080031e0       0xa4 ./Drivers/STM32F1xx_HAL_Driver/Src/stm32f1xx_hal_tim.o
                0x080031e0                HAL_TIM_Base_Start_IT
 .text.HAL_TIM_PWM_Init
                0x08003284       0x9e ./Drivers/STM32F1xx_HAL_Driver/Src/stm32f1xx_hal_tim.o
                0x08003284                HAL_TIM_PWM_Init
 .text.HAL_TIM_PWM_MspInit
                0x08003322       0x12 ./Drivers/STM32F1xx_HAL_Driver/Src/stm32f1xx_hal_tim.o
                0x08003322                HAL_TIM_PWM_MspInit
 .text.HAL_TIM_Encoder_Init
                0x08003334      0x144 ./Drivers/STM32F1xx_HAL_Driver/Src/stm32f1xx_hal_tim.o
                0x08003334                HAL_TIM_Encoder_Init
 .text.HAL_TIM_Encoder_Start
                0x08003478      0x11c ./Drivers/STM32F1xx_HAL_Driver/Src/stm32f1xx_hal_tim.o
                0x08003478                HAL_TIM_Encoder_Start
 .text.HAL_TIM_IRQHandler
                0x08003594      0x1e0 ./Drivers/STM32F1xx_HAL_Driver/Src/stm32f1xx_hal_tim.o
                0x08003594                HAL_TIM_IRQHandler
 .text.HAL_TIM_PWM_ConfigChannel
                0x08003774      0x184 ./Drivers/STM32F1xx_HAL_Driver/Src/stm32f1xx_hal_tim.o
                0x08003774                HAL_TIM_PWM_ConfigChannel
 .text.HAL_TIM_ConfigClockSource
                0x080038f8      0x18e ./Drivers/STM32F1xx_HAL_Driver/Src/stm32f1xx_hal_tim.o
                0x080038f8                HAL_TIM_ConfigClockSource
 .text.HAL_TIM_OC_DelayElapsedCallback
                0x08003a86       0x12 ./Drivers/STM32F1xx_HAL_Driver/Src/stm32f1xx_hal_tim.o
                0x08003a86                HAL_TIM_OC_DelayElapsedCallback
 .text.HAL_TIM_PWM_PulseFinishedCallback
                0x08003a98       0x12 ./Drivers/STM32F1xx_HAL_Driver/Src/stm32f1xx_hal_tim.o
                0x08003a98                HAL_TIM_PWM_PulseFinishedCallback
 .text.HAL_TIM_TriggerCallback
                0x08003aaa       0x12 ./Drivers/STM32F1xx_HAL_Driver/Src/stm32f1xx_hal_tim.o
                0x08003aaa                HAL_TIM_TriggerCallback
 .text.TIM_Base_SetConfig
                0x08003abc       0xdc ./Drivers/STM32F1xx_HAL_Driver/Src/stm32f1xx_hal_tim.o
                0x08003abc                TIM_Base_SetConfig
 .text.TIM_OC1_SetConfig
                0x08003b98       0xcc ./Drivers/STM32F1xx_HAL_Driver/Src/stm32f1xx_hal_tim.o
 .text.TIM_OC2_SetConfig
                0x08003c64       0xd4 ./Drivers/STM32F1xx_HAL_Driver/Src/stm32f1xx_hal_tim.o
                0x08003c64                TIM_OC2_SetConfig
 .text.TIM_OC3_SetConfig
                0x08003d38       0xd4 ./Drivers/STM32F1xx_HAL_Driver/Src/stm32f1xx_hal_tim.o
 .text.TIM_OC4_SetConfig
                0x08003e0c       0x9c ./Drivers/STM32F1xx_HAL_Driver/Src/stm32f1xx_hal_tim.o
 .text.TIM_TI1_ConfigInputStage
                0x08003ea8       0x5c ./Drivers/STM32F1xx_HAL_Driver/Src/stm32f1xx_hal_tim.o
 .text.TIM_TI2_ConfigInputStage
                0x08003f04       0x5e ./Drivers/STM32F1xx_HAL_Driver/Src/stm32f1xx_hal_tim.o
 .text.TIM_ITRx_SetConfig
                0x08003f62       0x34 ./Drivers/STM32F1xx_HAL_Driver/Src/stm32f1xx_hal_tim.o
 .text.TIM_ETR_SetConfig
                0x08003f96       0x3e ./Drivers/STM32F1xx_HAL_Driver/Src/stm32f1xx_hal_tim.o
                0x08003f96                TIM_ETR_SetConfig
 .text.TIM_CCxChannelCmd
                0x08003fd4       0x48 ./Drivers/STM32F1xx_HAL_Driver/Src/stm32f1xx_hal_tim.o
                0x08003fd4                TIM_CCxChannelCmd
 .text.HAL_TIMEx_MasterConfigSynchronization
                0x0800401c       0xbc ./Drivers/STM32F1xx_HAL_Driver/Src/stm32f1xx_hal_tim_ex.o
                0x0800401c                HAL_TIMEx_MasterConfigSynchronization
 .text.HAL_TIMEx_CommutCallback
                0x080040d8       0x12 ./Drivers/STM32F1xx_HAL_Driver/Src/stm32f1xx_hal_tim_ex.o
                0x080040d8                HAL_TIMEx_CommutCallback
 .text.HAL_TIMEx_BreakCallback
                0x080040ea       0x12 ./Drivers/STM32F1xx_HAL_Driver/Src/stm32f1xx_hal_tim_ex.o
                0x080040ea                HAL_TIMEx_BreakCallback
 .text._ZdlPvj  0x080040fc        0x4 C:/ST/STM32CubeIDE_1.18.0/STM32CubeIDE/plugins/com.st.stm32cube.ide.mcu.externaltools.gnu-tools-for-stm32.13.3.rel1.win32_1.0.0.202411081344/tools/bin/../lib/gcc/arm-none-eabi/13.3.1/../../../../arm-none-eabi/lib/thumb/v7-m/nofp\libstdc++_nano.a(del_ops.o)
                0x080040fc                operator delete(void*, unsigned int)
 .text._ZdaPv   0x08004100        0x4 C:/ST/STM32CubeIDE_1.18.0/STM32CubeIDE/plugins/com.st.stm32cube.ide.mcu.externaltools.gnu-tools-for-stm32.13.3.rel1.win32_1.0.0.202411081344/tools/bin/../lib/gcc/arm-none-eabi/13.3.1/../../../../arm-none-eabi/lib/thumb/v7-m/nofp\libstdc++_nano.a(del_opv.o)
                0x08004100                operator delete[](void*)
 .text._Znwj    0x08004104       0x22 C:/ST/STM32CubeIDE_1.18.0/STM32CubeIDE/plugins/com.st.stm32cube.ide.mcu.externaltools.gnu-tools-for-stm32.13.3.rel1.win32_1.0.0.202411081344/tools/bin/../lib/gcc/arm-none-eabi/13.3.1/../../../../arm-none-eabi/lib/thumb/v7-m/nofp\libstdc++_nano.a(new_op.o)
                0x08004104                operator new(unsigned int)
 .text._Znaj    0x08004126        0x4 C:/ST/STM32CubeIDE_1.18.0/STM32CubeIDE/plugins/com.st.stm32cube.ide.mcu.externaltools.gnu-tools-for-stm32.13.3.rel1.win32_1.0.0.202411081344/tools/bin/../lib/gcc/arm-none-eabi/13.3.1/../../../../arm-none-eabi/lib/thumb/v7-m/nofp\libstdc++_nano.a(new_opv.o)
                0x08004126                operator new[](unsigned int)
 .text.unlikely._ZSt17__throw_bad_allocv
                0x0800412a        0x6 C:/ST/STM32CubeIDE_1.18.0/STM32CubeIDE/plugins/com.st.stm32cube.ide.mcu.externaltools.gnu-tools-for-stm32.13.3.rel1.win32_1.0.0.202411081344/tools/bin/../lib/gcc/arm-none-eabi/13.3.1/../../../../arm-none-eabi/lib/thumb/v7-m/nofp\libstdc++_nano.a(functexcept.o)
                0x0800412a                std::__throw_bad_alloc()
 .text.unlikely._ZSt28__throw_bad_array_new_lengthv
                0x08004130        0x6 C:/ST/STM32CubeIDE_1.18.0/STM32CubeIDE/plugins/com.st.stm32cube.ide.mcu.externaltools.gnu-tools-for-stm32.13.3.rel1.win32_1.0.0.202411081344/tools/bin/../lib/gcc/arm-none-eabi/13.3.1/../../../../arm-none-eabi/lib/thumb/v7-m/nofp\libstdc++_nano.a(functexcept.o)
                0x08004130                std::__throw_bad_array_new_length()
 .text._ZdlPv   0x08004136        0x4 C:/ST/STM32CubeIDE_1.18.0/STM32CubeIDE/plugins/com.st.stm32cube.ide.mcu.externaltools.gnu-tools-for-stm32.13.3.rel1.win32_1.0.0.202411081344/tools/bin/../lib/gcc/arm-none-eabi/13.3.1/../../../../arm-none-eabi/lib/thumb/v7-m/nofp\libstdc++_nano.a(del_op.o)
                0x08004136                operator delete(void*)
 *fill*         0x0800413a        0x2 
 .text._ZSt15get_new_handlerv
                0x0800413c       0x10 C:/ST/STM32CubeIDE_1.18.0/STM32CubeIDE/plugins/com.st.stm32cube.ide.mcu.externaltools.gnu-tools-for-stm32.13.3.rel1.win32_1.0.0.202411081344/tools/bin/../lib/gcc/arm-none-eabi/13.3.1/../../../../arm-none-eabi/lib/thumb/v7-m/nofp\libstdc++_nano.a(new_handler.o)
                0x0800413c                std::get_new_handler()
 .text.abort    0x0800414c        0xe C:/ST/STM32CubeIDE_1.18.0/STM32CubeIDE/plugins/com.st.stm32cube.ide.mcu.externaltools.gnu-tools-for-stm32.13.3.rel1.win32_1.0.0.202411081344/tools/bin/../lib/gcc/arm-none-eabi/13.3.1/../../../../arm-none-eabi/lib/thumb/v7-m/nofp\libc_nano.a(libc_a-abort.o)
                0x0800414c                abort
 *fill*         0x0800415a        0x2 
 .text.malloc   0x0800415c       0x10 C:/ST/STM32CubeIDE_1.18.0/STM32CubeIDE/plugins/com.st.stm32cube.ide.mcu.externaltools.gnu-tools-for-stm32.13.3.rel1.win32_1.0.0.202411081344/tools/bin/../lib/gcc/arm-none-eabi/13.3.1/../../../../arm-none-eabi/lib/thumb/v7-m/nofp\libc_nano.a(libc_a-malloc.o)
                0x0800415c                malloc
 .text.free     0x0800416c       0x10 C:/ST/STM32CubeIDE_1.18.0/STM32CubeIDE/plugins/com.st.stm32cube.ide.mcu.externaltools.gnu-tools-for-stm32.13.3.rel1.win32_1.0.0.202411081344/tools/bin/../lib/gcc/arm-none-eabi/13.3.1/../../../../arm-none-eabi/lib/thumb/v7-m/nofp\libc_nano.a(libc_a-malloc.o)
                0x0800416c                free
 .text.sbrk_aligned
                0x0800417c       0x44 C:/ST/STM32CubeIDE_1.18.0/STM32CubeIDE/plugins/com.st.stm32cube.ide.mcu.externaltools.gnu-tools-for-stm32.13.3.rel1.win32_1.0.0.202411081344/tools/bin/../lib/gcc/arm-none-eabi/13.3.1/../../../../arm-none-eabi/lib/thumb/v7-m/nofp\libc_nano.a(libc_a-mallocr.o)
 .text._malloc_r
                0x080041c0      0x100 C:/ST/STM32CubeIDE_1.18.0/STM32CubeIDE/plugins/com.st.stm32cube.ide.mcu.externaltools.gnu-tools-for-stm32.13.3.rel1.win32_1.0.0.202411081344/tools/bin/../lib/gcc/arm-none-eabi/13.3.1/../../../../arm-none-eabi/lib/thumb/v7-m/nofp\libc_nano.a(libc_a-mallocr.o)
                0x080041c0                _malloc_r
 .text.__malloc_lock
                0x080042c0        0xc C:/ST/STM32CubeIDE_1.18.0/STM32CubeIDE/plugins/com.st.stm32cube.ide.mcu.externaltools.gnu-tools-for-stm32.13.3.rel1.win32_1.0.0.202411081344/tools/bin/../lib/gcc/arm-none-eabi/13.3.1/../../../../arm-none-eabi/lib/thumb/v7-m/nofp\libc_nano.a(libc_a-mlock.o)
                0x080042c0                __malloc_lock
 .text.__malloc_unlock
                0x080042cc        0xc C:/ST/STM32CubeIDE_1.18.0/STM32CubeIDE/plugins/com.st.stm32cube.ide.mcu.externaltools.gnu-tools-for-stm32.13.3.rel1.win32_1.0.0.202411081344/tools/bin/../lib/gcc/arm-none-eabi/13.3.1/../../../../arm-none-eabi/lib/thumb/v7-m/nofp\libc_nano.a(libc_a-mlock.o)
                0x080042cc                __malloc_unlock
 .text.memset   0x080042d8       0x10 C:/ST/STM32CubeIDE_1.18.0/STM32CubeIDE/plugins/com.st.stm32cube.ide.mcu.externaltools.gnu-tools-for-stm32.13.3.rel1.win32_1.0.0.202411081344/tools/bin/../lib/gcc/arm-none-eabi/13.3.1/../../../../arm-none-eabi/lib/thumb/v7-m/nofp\libc_nano.a(libc_a-memset.o)
                0x080042d8                memset
 .text._raise_r
                0x080042e8       0x50 C:/ST/STM32CubeIDE_1.18.0/STM32CubeIDE/plugins/com.st.stm32cube.ide.mcu.externaltools.gnu-tools-for-stm32.13.3.rel1.win32_1.0.0.202411081344/tools/bin/../lib/gcc/arm-none-eabi/13.3.1/../../../../arm-none-eabi/lib/thumb/v7-m/nofp\libc_nano.a(libc_a-signal.o)
                0x080042e8                _raise_r
 .text.raise    0x08004338       0x10 C:/ST/STM32CubeIDE_1.18.0/STM32CubeIDE/plugins/com.st.stm32cube.ide.mcu.externaltools.gnu-tools-for-stm32.13.3.rel1.win32_1.0.0.202411081344/tools/bin/../lib/gcc/arm-none-eabi/13.3.1/../../../../arm-none-eabi/lib/thumb/v7-m/nofp\libc_nano.a(libc_a-signal.o)
                0x08004338                raise
 .text._kill_r  0x08004348       0x24 C:/ST/STM32CubeIDE_1.18.0/STM32CubeIDE/plugins/com.st.stm32cube.ide.mcu.externaltools.gnu-tools-for-stm32.13.3.rel1.win32_1.0.0.202411081344/tools/bin/../lib/gcc/arm-none-eabi/13.3.1/../../../../arm-none-eabi/lib/thumb/v7-m/nofp\libc_nano.a(libc_a-signalr.o)
                0x08004348                _kill_r
 .text._getpid_r
                0x0800436c        0x4 C:/ST/STM32CubeIDE_1.18.0/STM32CubeIDE/plugins/com.st.stm32cube.ide.mcu.externaltools.gnu-tools-for-stm32.13.3.rel1.win32_1.0.0.202411081344/tools/bin/../lib/gcc/arm-none-eabi/13.3.1/../../../../arm-none-eabi/lib/thumb/v7-m/nofp\libc_nano.a(libc_a-signalr.o)
                0x0800436c                _getpid_r
 .text._sbrk_r  0x08004370       0x20 C:/ST/STM32CubeIDE_1.18.0/STM32CubeIDE/plugins/com.st.stm32cube.ide.mcu.externaltools.gnu-tools-for-stm32.13.3.rel1.win32_1.0.0.202411081344/tools/bin/../lib/gcc/arm-none-eabi/13.3.1/../../../../arm-none-eabi/lib/thumb/v7-m/nofp\libc_nano.a(libc_a-sbrkr.o)
                0x08004370                _sbrk_r
 .text.__errno  0x08004390        0xc C:/ST/STM32CubeIDE_1.18.0/STM32CubeIDE/plugins/com.st.stm32cube.ide.mcu.externaltools.gnu-tools-for-stm32.13.3.rel1.win32_1.0.0.202411081344/tools/bin/../lib/gcc/arm-none-eabi/13.3.1/../../../../arm-none-eabi/lib/thumb/v7-m/nofp\libc_nano.a(libc_a-errno.o)
                0x08004390                __errno
 .text.__libc_init_array
                0x0800439c       0x48 C:/ST/STM32CubeIDE_1.18.0/STM32CubeIDE/plugins/com.st.stm32cube.ide.mcu.externaltools.gnu-tools-for-stm32.13.3.rel1.win32_1.0.0.202411081344/tools/bin/../lib/gcc/arm-none-eabi/13.3.1/../../../../arm-none-eabi/lib/thumb/v7-m/nofp\libc_nano.a(libc_a-init.o)
                0x0800439c                __libc_init_array
 .text.__retarget_lock_acquire_recursive
                0x080043e4        0x2 C:/ST/STM32CubeIDE_1.18.0/STM32CubeIDE/plugins/com.st.stm32cube.ide.mcu.externaltools.gnu-tools-for-stm32.13.3.rel1.win32_1.0.0.202411081344/tools/bin/../lib/gcc/arm-none-eabi/13.3.1/../../../../arm-none-eabi/lib/thumb/v7-m/nofp\libc_nano.a(libc_a-lock.o)
                0x080043e4                __retarget_lock_acquire_recursive
 .text.__retarget_lock_release_recursive
                0x080043e6        0x2 C:/ST/STM32CubeIDE_1.18.0/STM32CubeIDE/plugins/com.st.stm32cube.ide.mcu.externaltools.gnu-tools-for-stm32.13.3.rel1.win32_1.0.0.202411081344/tools/bin/../lib/gcc/arm-none-eabi/13.3.1/../../../../arm-none-eabi/lib/thumb/v7-m/nofp\libc_nano.a(libc_a-lock.o)
                0x080043e6                __retarget_lock_release_recursive
 .text._free_r  0x080043e8       0x90 C:/ST/STM32CubeIDE_1.18.0/STM32CubeIDE/plugins/com.st.stm32cube.ide.mcu.externaltools.gnu-tools-for-stm32.13.3.rel1.win32_1.0.0.202411081344/tools/bin/../lib/gcc/arm-none-eabi/13.3.1/../../../../arm-none-eabi/lib/thumb/v7-m/nofp\libc_nano.a(libc_a-freer.o)
                0x080043e8                _free_r
 *(.glue_7)
 .glue_7        0x08004478        0x0 linker stubs
 *(.glue_7t)
 .glue_7t       0x08004478        0x0 linker stubs
 *(.eh_frame)
 .eh_frame      0x08004478        0x0 C:/ST/STM32CubeIDE_1.18.0/STM32CubeIDE/plugins/com.st.stm32cube.ide.mcu.externaltools.gnu-tools-for-stm32.13.3.rel1.win32_1.0.0.202411081344/tools/bin/../lib/gcc/arm-none-eabi/13.3.1/thumb/v7-m/nofp/crtbegin.o
 *(.init)
 .init          0x08004478        0x4 C:/ST/STM32CubeIDE_1.18.0/STM32CubeIDE/plugins/com.st.stm32cube.ide.mcu.externaltools.gnu-tools-for-stm32.13.3.rel1.win32_1.0.0.202411081344/tools/bin/../lib/gcc/arm-none-eabi/13.3.1/thumb/v7-m/nofp/crti.o
                0x08004478                _init
 .init          0x0800447c        0x8 C:/ST/STM32CubeIDE_1.18.0/STM32CubeIDE/plugins/com.st.stm32cube.ide.mcu.externaltools.gnu-tools-for-stm32.13.3.rel1.win32_1.0.0.202411081344/tools/bin/../lib/gcc/arm-none-eabi/13.3.1/thumb/v7-m/nofp/crtn.o
 *(.fini)
 .fini          0x08004484        0x4 C:/ST/STM32CubeIDE_1.18.0/STM32CubeIDE/plugins/com.st.stm32cube.ide.mcu.externaltools.gnu-tools-for-stm32.13.3.rel1.win32_1.0.0.202411081344/tools/bin/../lib/gcc/arm-none-eabi/13.3.1/thumb/v7-m/nofp/crti.o
                0x08004484                _fini
 .fini          0x08004488        0x8 C:/ST/STM32CubeIDE_1.18.0/STM32CubeIDE/plugins/com.st.stm32cube.ide.mcu.externaltools.gnu-tools-for-stm32.13.3.rel1.win32_1.0.0.202411081344/tools/bin/../lib/gcc/arm-none-eabi/13.3.1/thumb/v7-m/nofp/crtn.o
                0x08004490                        . = ALIGN (0x4)
                0x08004490                        _etext = .

.vfp11_veneer   0x08004490        0x0
 .vfp11_veneer  0x08004490        0x0 linker stubs

.v4_bx          0x08004490        0x0
 .v4_bx         0x08004490        0x0 linker stubs

.iplt           0x08004490        0x0
 .iplt          0x08004490        0x0 C:/ST/STM32CubeIDE_1.18.0/STM32CubeIDE/plugins/com.st.stm32cube.ide.mcu.externaltools.gnu-tools-for-stm32.13.3.rel1.win32_1.0.0.202411081344/tools/bin/../lib/gcc/arm-none-eabi/13.3.1/thumb/v7-m/nofp/crtbegin.o

.rodata         0x08004490       0x40
                0x08004490                        . = ALIGN (0x4)
 *(.rodata)
 *(.rodata*)
 .rodata.AHBPrescTable
                0x08004490       0x10 ./Core/Src/system_stm32f1xx.o
                0x08004490                AHBPrescTable
 .rodata.APBPrescTable
                0x080044a0        0x8 ./Core/Src/system_stm32f1xx.o
                0x080044a0                APBPrescTable
 .rodata.aPLLMULFactorTable.1
                0x080044a8       0x10 ./Drivers/STM32F1xx_HAL_Driver/Src/stm32f1xx_hal_rcc.o
 .rodata.aPredivFactorTable.0
                0x080044b8        0x2 ./Drivers/STM32F1xx_HAL_Driver/Src/stm32f1xx_hal_rcc.o
 *fill*         0x080044ba        0x2 
 .rodata.aPLLMULFactorTable.1
                0x080044bc       0x10 ./Drivers/STM32F1xx_HAL_Driver/Src/stm32f1xx_hal_rcc_ex.o
 .rodata.aPredivFactorTable.0
                0x080044cc        0x2 ./Drivers/STM32F1xx_HAL_Driver/Src/stm32f1xx_hal_rcc_ex.o
                0x080044d0                        . = ALIGN (0x4)
 *fill*         0x080044ce        0x2 

.ARM.extab      0x080044d0        0x0
                0x080044d0                        . = ALIGN (0x4)
 *(.ARM.extab* .gnu.linkonce.armextab.*)
                0x080044d0                        . = ALIGN (0x4)

.ARM            0x080044d0        0x0
                0x080044d0                        . = ALIGN (0x4)
                0x080044d0                        __exidx_start = .
 *(.ARM.exidx*)
                0x080044d0                        __exidx_end = .
                0x080044d0                        . = ALIGN (0x4)

.preinit_array  0x080044d0        0x0
                0x080044d0                        . = ALIGN (0x4)
                0x080044d0                        PROVIDE (__preinit_array_start = .)
 *(.preinit_array*)
                0x080044d0                        PROVIDE (__preinit_array_end = .)
                0x080044d0                        . = ALIGN (0x4)

.init_array     0x080044d0        0x8
                0x080044d0                        . = ALIGN (0x4)
                0x080044d0                        PROVIDE (__init_array_start = .)
 *(SORT_BY_NAME(.init_array.*))
 *(.init_array*)
 .init_array    0x080044d0        0x4 C:/ST/STM32CubeIDE_1.18.0/STM32CubeIDE/plugins/com.st.stm32cube.ide.mcu.externaltools.gnu-tools-for-stm32.13.3.rel1.win32_1.0.0.202411081344/tools/bin/../lib/gcc/arm-none-eabi/13.3.1/thumb/v7-m/nofp/crtbegin.o
 .init_array    0x080044d4        0x4 ./Core/Src/main.o
                0x080044d8                        PROVIDE (__init_array_end = .)
                0x080044d8                        . = ALIGN (0x4)

.fini_array     0x080044d8        0x8
                0x080044d8                        . = ALIGN (0x4)
                [!provide]                        PROVIDE (__fini_array_start = .)
 *(SORT_BY_NAME(.fini_array.*))
 *(.fini_array*)
 .fini_array    0x080044d8        0x4 C:/ST/STM32CubeIDE_1.18.0/STM32CubeIDE/plugins/com.st.stm32cube.ide.mcu.externaltools.gnu-tools-for-stm32.13.3.rel1.win32_1.0.0.202411081344/tools/bin/../lib/gcc/arm-none-eabi/13.3.1/thumb/v7-m/nofp/crtbegin.o
 .fini_array    0x080044dc        0x4 ./Core/Src/main.o
                [!provide]                        PROVIDE (__fini_array_end = .)
                0x080044e0                        . = ALIGN (0x4)
                0x080044e0                        _sidata = LOADADDR (.data)

.rel.dyn        0x080044e0        0x0
 .rel.iplt      0x080044e0        0x0 C:/ST/STM32CubeIDE_1.18.0/STM32CubeIDE/plugins/com.st.stm32cube.ide.mcu.externaltools.gnu-tools-for-stm32.13.3.rel1.win32_1.0.0.202411081344/tools/bin/../lib/gcc/arm-none-eabi/13.3.1/thumb/v7-m/nofp/crtbegin.o

.data           0x20000000       0x5c load address 0x080044e0
                0x20000000                        . = ALIGN (0x4)
                0x20000000                        _sdata = .
 *(.data)
 *(.data*)
 .data.SystemCoreClock
                0x20000000        0x4 ./Core/Src/system_stm32f1xx.o
                0x20000000                SystemCoreClock
 .data.uwTickPrio
                0x20000004        0x4 ./Drivers/STM32F1xx_HAL_Driver/Src/stm32f1xx_hal.o
                0x20000004                uwTickPrio
 .data.uwTickFreq
                0x20000008        0x1 ./Drivers/STM32F1xx_HAL_Driver/Src/stm32f1xx_hal.o
                0x20000008                uwTickFreq
 *fill*         0x20000009        0x3 
 .data._impure_ptr
                0x2000000c        0x4 C:/ST/STM32CubeIDE_1.18.0/STM32CubeIDE/plugins/com.st.stm32cube.ide.mcu.externaltools.gnu-tools-for-stm32.13.3.rel1.win32_1.0.0.202411081344/tools/bin/../lib/gcc/arm-none-eabi/13.3.1/../../../../arm-none-eabi/lib/thumb/v7-m/nofp\libc_nano.a(libc_a-impure.o)
                0x2000000c                _impure_ptr
 .data._impure_data
                0x20000010       0x4c C:/ST/STM32CubeIDE_1.18.0/STM32CubeIDE/plugins/com.st.stm32cube.ide.mcu.externaltools.gnu-tools-for-stm32.13.3.rel1.win32_1.0.0.202411081344/tools/bin/../lib/gcc/arm-none-eabi/13.3.1/../../../../arm-none-eabi/lib/thumb/v7-m/nofp\libc_nano.a(libc_a-impure.o)
                0x20000010                _impure_data
 *(.RamFunc)
 *(.RamFunc*)
                0x2000005c                        . = ALIGN (0x4)
                0x2000005c                        _edata = .

.igot.plt       0x2000005c        0x0 load address 0x0800453c
 .igot.plt      0x2000005c        0x0 C:/ST/STM32CubeIDE_1.18.0/STM32CubeIDE/plugins/com.st.stm32cube.ide.mcu.externaltools.gnu-tools-for-stm32.13.3.rel1.win32_1.0.0.202411081344/tools/bin/../lib/gcc/arm-none-eabi/13.3.1/thumb/v7-m/nofp/crtbegin.o
                0x2000005c                        . = ALIGN (0x4)

.bss            0x2000005c      0x7f0 load address 0x0800453c
                0x2000005c                        _sbss = .
                0x2000005c                        __bss_start__ = _sbss
 *(.bss)
 .bss           0x2000005c       0x1c C:/ST/STM32CubeIDE_1.18.0/STM32CubeIDE/plugins/com.st.stm32cube.ide.mcu.externaltools.gnu-tools-for-stm32.13.3.rel1.win32_1.0.0.202411081344/tools/bin/../lib/gcc/arm-none-eabi/13.3.1/thumb/v7-m/nofp/crtbegin.o
 *(.bss*)
 .bss.hadc1     0x20000078       0x30 ./Core/Src/main.o
                0x20000078                hadc1
 .bss.htim2     0x200000a8       0x48 ./Core/Src/main.o
                0x200000a8                htim2
 .bss.htim3     0x200000f0       0x48 ./Core/Src/main.o
                0x200000f0                htim3
 .bss.htim4     0x20000138       0x48 ./Core/Src/main.o
                0x20000138                htim4
 .bss.encoders  0x20000180       0x18 ./Core/Src/main.o
                0x20000180                encoders
 .bss.maze      0x20000198      0x504 ./Core/Src/main.o
                0x20000198                maze
 .bss.mouse     0x2000069c        0xc ./Core/Src/main.o
                0x2000069c                mouse
 .bss.motion_profile
                0x200006a8       0x1c ./Core/Src/main.o
                0x200006a8                motion_profile
 .bss.sensors   0x200006c4        0x8 ./Core/Src/main.o
                0x200006c4                sensors
 .bss.motion_controler
                0x200006cc       0x2c ./Core/Src/main.o
                0x200006cc                motion_controler
 .bss.__sbrk_heap_end
                0x200006f8        0x4 ./Core/Src/sysmem.o
 .bss.uwTick    0x200006fc        0x4 ./Drivers/STM32F1xx_HAL_Driver/Src/stm32f1xx_hal.o
                0x200006fc                uwTick
 .bss._ZN12_GLOBAL__N_113__new_handlerE
                0x20000700        0x4 C:/ST/STM32CubeIDE_1.18.0/STM32CubeIDE/plugins/com.st.stm32cube.ide.mcu.externaltools.gnu-tools-for-stm32.13.3.rel1.win32_1.0.0.202411081344/tools/bin/../lib/gcc/arm-none-eabi/13.3.1/../../../../arm-none-eabi/lib/thumb/v7-m/nofp\libstdc++_nano.a(new_handler.o)
 .bss.__malloc_sbrk_start
                0x20000704        0x4 C:/ST/STM32CubeIDE_1.18.0/STM32CubeIDE/plugins/com.st.stm32cube.ide.mcu.externaltools.gnu-tools-for-stm32.13.3.rel1.win32_1.0.0.202411081344/tools/bin/../lib/gcc/arm-none-eabi/13.3.1/../../../../arm-none-eabi/lib/thumb/v7-m/nofp\libc_nano.a(libc_a-mallocr.o)
                0x20000704                __malloc_sbrk_start
 .bss.__malloc_free_list
                0x20000708        0x4 C:/ST/STM32CubeIDE_1.18.0/STM32CubeIDE/plugins/com.st.stm32cube.ide.mcu.externaltools.gnu-tools-for-stm32.13.3.rel1.win32_1.0.0.202411081344/tools/bin/../lib/gcc/arm-none-eabi/13.3.1/../../../../arm-none-eabi/lib/thumb/v7-m/nofp\libc_nano.a(libc_a-mallocr.o)
                0x20000708                __malloc_free_list
 .bss.__sf      0x2000070c      0x138 C:/ST/STM32CubeIDE_1.18.0/STM32CubeIDE/plugins/com.st.stm32cube.ide.mcu.externaltools.gnu-tools-for-stm32.13.3.rel1.win32_1.0.0.202411081344/tools/bin/../lib/gcc/arm-none-eabi/13.3.1/../../../../arm-none-eabi/lib/thumb/v7-m/nofp\libc_nano.a(libc_a-findfp.o)
                0x2000070c                __sf
 .bss.errno     0x20000844        0x4 C:/ST/STM32CubeIDE_1.18.0/STM32CubeIDE/plugins/com.st.stm32cube.ide.mcu.externaltools.gnu-tools-for-stm32.13.3.rel1.win32_1.0.0.202411081344/tools/bin/../lib/gcc/arm-none-eabi/13.3.1/../../../../arm-none-eabi/lib/thumb/v7-m/nofp\libc_nano.a(libc_a-reent.o)
                0x20000844                errno
 .bss.__lock___malloc_recursive_mutex
                0x20000848        0x1 C:/ST/STM32CubeIDE_1.18.0/STM32CubeIDE/plugins/com.st.stm32cube.ide.mcu.externaltools.gnu-tools-for-stm32.13.3.rel1.win32_1.0.0.202411081344/tools/bin/../lib/gcc/arm-none-eabi/13.3.1/../../../../arm-none-eabi/lib/thumb/v7-m/nofp\libc_nano.a(libc_a-lock.o)
                0x20000848                __lock___malloc_recursive_mutex
 *(COMMON)
                0x2000084c                        . = ALIGN (0x4)
 *fill*         0x20000849        0x3 
                0x2000084c                        _ebss = .
                0x2000084c                        __bss_end__ = _ebss

._user_heap_stack
                0x2000084c      0x604 load address 0x0800453c
                0x20000850                        . = ALIGN (0x8)
 *fill*         0x2000084c        0x4 
                [!provide]                        PROVIDE (end = .)
                0x20000850                        PROVIDE (_end = .)
                0x20000a50                        . = (. + _Min_Heap_Size)
 *fill*         0x20000850      0x200 
                0x20000e50                        . = (. + _Min_Stack_Size)
 *fill*         0x20000a50      0x400 
                0x20000e50                        . = ALIGN (0x8)

/DISCARD/
 libc.a(*)
 libm.a(*)
 libgcc.a(*)

.ARM.attributes
                0x00000000       0x29
 *(.ARM.attributes)
 .ARM.attributes
                0x00000000       0x1d C:/ST/STM32CubeIDE_1.18.0/STM32CubeIDE/plugins/com.st.stm32cube.ide.mcu.externaltools.gnu-tools-for-stm32.13.3.rel1.win32_1.0.0.202411081344/tools/bin/../lib/gcc/arm-none-eabi/13.3.1/thumb/v7-m/nofp/crti.o
 .ARM.attributes
                0x0000001d       0x2d C:/ST/STM32CubeIDE_1.18.0/STM32CubeIDE/plugins/com.st.stm32cube.ide.mcu.externaltools.gnu-tools-for-stm32.13.3.rel1.win32_1.0.0.202411081344/tools/bin/../lib/gcc/arm-none-eabi/13.3.1/thumb/v7-m/nofp/crtbegin.o
 .ARM.attributes
                0x0000004a       0x2d ./Core/Src/main.o
 .ARM.attributes
                0x00000077       0x2d ./Core/Src/stm32f1xx_hal_msp.o
 .ARM.attributes
                0x000000a4       0x2d ./Core/Src/stm32f1xx_it.o
 .ARM.attributes
                0x000000d1       0x2d ./Core/Src/syscalls.o
 .ARM.attributes
                0x000000fe       0x2d ./Core/Src/sysmem.o
 .ARM.attributes
                0x0000012b       0x2d ./Core/Src/system_stm32f1xx.o
 .ARM.attributes
                0x00000158       0x21 ./Core/Startup/startup_stm32f103c8tx.o
 .ARM.attributes
                0x00000179       0x2d ./Drivers/STM32F1xx_HAL_Driver/Src/stm32f1xx_hal.o
 .ARM.attributes
                0x000001a6       0x2d ./Drivers/STM32F1xx_HAL_Driver/Src/stm32f1xx_hal_adc.o
 .ARM.attributes
                0x000001d3       0x2d ./Drivers/STM32F1xx_HAL_Driver/Src/stm32f1xx_hal_cortex.o
 .ARM.attributes
                0x00000200       0x2d ./Drivers/STM32F1xx_HAL_Driver/Src/stm32f1xx_hal_gpio.o
 .ARM.attributes
                0x0000022d       0x2d ./Drivers/STM32F1xx_HAL_Driver/Src/stm32f1xx_hal_rcc.o
 .ARM.attributes
                0x0000025a       0x2d ./Drivers/STM32F1xx_HAL_Driver/Src/stm32f1xx_hal_rcc_ex.o
 .ARM.attributes
                0x00000287       0x2d ./Drivers/STM32F1xx_HAL_Driver/Src/stm32f1xx_hal_tim.o
 .ARM.attributes
                0x000002b4       0x2d ./Drivers/STM32F1xx_HAL_Driver/Src/stm32f1xx_hal_tim_ex.o
 .ARM.attributes
                0x000002e1       0x2d C:/ST/STM32CubeIDE_1.18.0/STM32CubeIDE/plugins/com.st.stm32cube.ide.mcu.externaltools.gnu-tools-for-stm32.13.3.rel1.win32_1.0.0.202411081344/tools/bin/../lib/gcc/arm-none-eabi/13.3.1/../../../../arm-none-eabi/lib/thumb/v7-m/nofp\libstdc++_nano.a(del_ops.o)
 .ARM.attributes
                0x0000030e       0x2d C:/ST/STM32CubeIDE_1.18.0/STM32CubeIDE/plugins/com.st.stm32cube.ide.mcu.externaltools.gnu-tools-for-stm32.13.3.rel1.win32_1.0.0.202411081344/tools/bin/../lib/gcc/arm-none-eabi/13.3.1/../../../../arm-none-eabi/lib/thumb/v7-m/nofp\libstdc++_nano.a(del_opv.o)
 .ARM.attributes
                0x0000033b       0x2d C:/ST/STM32CubeIDE_1.18.0/STM32CubeIDE/plugins/com.st.stm32cube.ide.mcu.externaltools.gnu-tools-for-stm32.13.3.rel1.win32_1.0.0.202411081344/tools/bin/../lib/gcc/arm-none-eabi/13.3.1/../../../../arm-none-eabi/lib/thumb/v7-m/nofp\libstdc++_nano.a(new_op.o)
 .ARM.attributes
                0x00000368       0x2d C:/ST/STM32CubeIDE_1.18.0/STM32CubeIDE/plugins/com.st.stm32cube.ide.mcu.externaltools.gnu-tools-for-stm32.13.3.rel1.win32_1.0.0.202411081344/tools/bin/../lib/gcc/arm-none-eabi/13.3.1/../../../../arm-none-eabi/lib/thumb/v7-m/nofp\libstdc++_nano.a(new_opv.o)
 .ARM.attributes
                0x00000395       0x2d C:/ST/STM32CubeIDE_1.18.0/STM32CubeIDE/plugins/com.st.stm32cube.ide.mcu.externaltools.gnu-tools-for-stm32.13.3.rel1.win32_1.0.0.202411081344/tools/bin/../lib/gcc/arm-none-eabi/13.3.1/../../../../arm-none-eabi/lib/thumb/v7-m/nofp\libstdc++_nano.a(functexcept.o)
 .ARM.attributes
                0x000003c2       0x2d C:/ST/STM32CubeIDE_1.18.0/STM32CubeIDE/plugins/com.st.stm32cube.ide.mcu.externaltools.gnu-tools-for-stm32.13.3.rel1.win32_1.0.0.202411081344/tools/bin/../lib/gcc/arm-none-eabi/13.3.1/../../../../arm-none-eabi/lib/thumb/v7-m/nofp\libstdc++_nano.a(del_op.o)
 .ARM.attributes
                0x000003ef       0x2d C:/ST/STM32CubeIDE_1.18.0/STM32CubeIDE/plugins/com.st.stm32cube.ide.mcu.externaltools.gnu-tools-for-stm32.13.3.rel1.win32_1.0.0.202411081344/tools/bin/../lib/gcc/arm-none-eabi/13.3.1/../../../../arm-none-eabi/lib/thumb/v7-m/nofp\libstdc++_nano.a(new_handler.o)
 .ARM.attributes
                0x0000041c       0x2d C:/ST/STM32CubeIDE_1.18.0/STM32CubeIDE/plugins/com.st.stm32cube.ide.mcu.externaltools.gnu-tools-for-stm32.13.3.rel1.win32_1.0.0.202411081344/tools/bin/../lib/gcc/arm-none-eabi/13.3.1/../../../../arm-none-eabi/lib/thumb/v7-m/nofp\libc_nano.a(libc_a-abort.o)
 .ARM.attributes
                0x00000449       0x2d C:/ST/STM32CubeIDE_1.18.0/STM32CubeIDE/plugins/com.st.stm32cube.ide.mcu.externaltools.gnu-tools-for-stm32.13.3.rel1.win32_1.0.0.202411081344/tools/bin/../lib/gcc/arm-none-eabi/13.3.1/../../../../arm-none-eabi/lib/thumb/v7-m/nofp\libc_nano.a(libc_a-malloc.o)
 .ARM.attributes
                0x00000476       0x2d C:/ST/STM32CubeIDE_1.18.0/STM32CubeIDE/plugins/com.st.stm32cube.ide.mcu.externaltools.gnu-tools-for-stm32.13.3.rel1.win32_1.0.0.202411081344/tools/bin/../lib/gcc/arm-none-eabi/13.3.1/../../../../arm-none-eabi/lib/thumb/v7-m/nofp\libc_nano.a(libc_a-mallocr.o)
 .ARM.attributes
                0x000004a3       0x2d C:/ST/STM32CubeIDE_1.18.0/STM32CubeIDE/plugins/com.st.stm32cube.ide.mcu.externaltools.gnu-tools-for-stm32.13.3.rel1.win32_1.0.0.202411081344/tools/bin/../lib/gcc/arm-none-eabi/13.3.1/../../../../arm-none-eabi/lib/thumb/v7-m/nofp\libc_nano.a(libc_a-mlock.o)
 .ARM.attributes
                0x000004d0       0x2d C:/ST/STM32CubeIDE_1.18.0/STM32CubeIDE/plugins/com.st.stm32cube.ide.mcu.externaltools.gnu-tools-for-stm32.13.3.rel1.win32_1.0.0.202411081344/tools/bin/../lib/gcc/arm-none-eabi/13.3.1/../../../../arm-none-eabi/lib/thumb/v7-m/nofp\libc_nano.a(libc_a-findfp.o)
 .ARM.attributes
                0x000004fd       0x2d C:/ST/STM32CubeIDE_1.18.0/STM32CubeIDE/plugins/com.st.stm32cube.ide.mcu.externaltools.gnu-tools-for-stm32.13.3.rel1.win32_1.0.0.202411081344/tools/bin/../lib/gcc/arm-none-eabi/13.3.1/../../../../arm-none-eabi/lib/thumb/v7-m/nofp\libc_nano.a(libc_a-memset.o)
 .ARM.attributes
                0x0000052a       0x2d C:/ST/STM32CubeIDE_1.18.0/STM32CubeIDE/plugins/com.st.stm32cube.ide.mcu.externaltools.gnu-tools-for-stm32.13.3.rel1.win32_1.0.0.202411081344/tools/bin/../lib/gcc/arm-none-eabi/13.3.1/../../../../arm-none-eabi/lib/thumb/v7-m/nofp\libc_nano.a(libc_a-signal.o)
 .ARM.attributes
                0x00000557       0x2d C:/ST/STM32CubeIDE_1.18.0/STM32CubeIDE/plugins/com.st.stm32cube.ide.mcu.externaltools.gnu-tools-for-stm32.13.3.rel1.win32_1.0.0.202411081344/tools/bin/../lib/gcc/arm-none-eabi/13.3.1/../../../../arm-none-eabi/lib/thumb/v7-m/nofp\libc_nano.a(libc_a-reent.o)
 .ARM.attributes
                0x00000584       0x2d C:/ST/STM32CubeIDE_1.18.0/STM32CubeIDE/plugins/com.st.stm32cube.ide.mcu.externaltools.gnu-tools-for-stm32.13.3.rel1.win32_1.0.0.202411081344/tools/bin/../lib/gcc/arm-none-eabi/13.3.1/../../../../arm-none-eabi/lib/thumb/v7-m/nofp\libc_nano.a(libc_a-impure.o)
 .ARM.attributes
                0x000005b1       0x2d C:/ST/STM32CubeIDE_1.18.0/STM32CubeIDE/plugins/com.st.stm32cube.ide.mcu.externaltools.gnu-tools-for-stm32.13.3.rel1.win32_1.0.0.202411081344/tools/bin/../lib/gcc/arm-none-eabi/13.3.1/../../../../arm-none-eabi/lib/thumb/v7-m/nofp\libc_nano.a(libc_a-signalr.o)
 .ARM.attributes
                0x000005de       0x2d C:/ST/STM32CubeIDE_1.18.0/STM32CubeIDE/plugins/com.st.stm32cube.ide.mcu.externaltools.gnu-tools-for-stm32.13.3.rel1.win32_1.0.0.202411081344/tools/bin/../lib/gcc/arm-none-eabi/13.3.1/../../../../arm-none-eabi/lib/thumb/v7-m/nofp\libc_nano.a(libc_a-sbrkr.o)
 .ARM.attributes
                0x0000060b       0x2d C:/ST/STM32CubeIDE_1.18.0/STM32CubeIDE/plugins/com.st.stm32cube.ide.mcu.externaltools.gnu-tools-for-stm32.13.3.rel1.win32_1.0.0.202411081344/tools/bin/../lib/gcc/arm-none-eabi/13.3.1/../../../../arm-none-eabi/lib/thumb/v7-m/nofp\libc_nano.a(libc_a-errno.o)
 .ARM.attributes
                0x00000638       0x2d C:/ST/STM32CubeIDE_1.18.0/STM32CubeIDE/plugins/com.st.stm32cube.ide.mcu.externaltools.gnu-tools-for-stm32.13.3.rel1.win32_1.0.0.202411081344/tools/bin/../lib/gcc/arm-none-eabi/13.3.1/../../../../arm-none-eabi/lib/thumb/v7-m/nofp\libc_nano.a(libc_a-init.o)
 .ARM.attributes
                0x00000665       0x2d C:/ST/STM32CubeIDE_1.18.0/STM32CubeIDE/plugins/com.st.stm32cube.ide.mcu.externaltools.gnu-tools-for-stm32.13.3.rel1.win32_1.0.0.202411081344/tools/bin/../lib/gcc/arm-none-eabi/13.3.1/../../../../arm-none-eabi/lib/thumb/v7-m/nofp\libc_nano.a(libc_a-lock.o)
 .ARM.attributes
                0x00000692       0x2d C:/ST/STM32CubeIDE_1.18.0/STM32CubeIDE/plugins/com.st.stm32cube.ide.mcu.externaltools.gnu-tools-for-stm32.13.3.rel1.win32_1.0.0.202411081344/tools/bin/../lib/gcc/arm-none-eabi/13.3.1/../../../../arm-none-eabi/lib/thumb/v7-m/nofp\libc_nano.a(libc_a-freer.o)
 .ARM.attributes
                0x000006bf       0x1d C:/ST/STM32CubeIDE_1.18.0/STM32CubeIDE/plugins/com.st.stm32cube.ide.mcu.externaltools.gnu-tools-for-stm32.13.3.rel1.win32_1.0.0.202411081344/tools/bin/../lib/gcc/arm-none-eabi/13.3.1/thumb/v7-m/nofp/crtn.o
OUTPUT(the-fetaration-micromouse.elf elf32-littlearm)
LOAD linker stubs
LOAD C:/ST/STM32CubeIDE_1.18.0/STM32CubeIDE/plugins/com.st.stm32cube.ide.mcu.externaltools.gnu-tools-for-stm32.13.3.rel1.win32_1.0.0.202411081344/tools/bin/../lib/gcc/arm-none-eabi/13.3.1/../../../../arm-none-eabi/lib/thumb/v7-m/nofp\libc.a
LOAD C:/ST/STM32CubeIDE_1.18.0/STM32CubeIDE/plugins/com.st.stm32cube.ide.mcu.externaltools.gnu-tools-for-stm32.13.3.rel1.win32_1.0.0.202411081344/tools/bin/../lib/gcc/arm-none-eabi/13.3.1/../../../../arm-none-eabi/lib/thumb/v7-m/nofp\libm.a
LOAD C:/ST/STM32CubeIDE_1.18.0/STM32CubeIDE/plugins/com.st.stm32cube.ide.mcu.externaltools.gnu-tools-for-stm32.13.3.rel1.win32_1.0.0.202411081344/tools/bin/../lib/gcc/arm-none-eabi/13.3.1/thumb/v7-m/nofp\libgcc.a

.debug_info     0x00000000    0x1062e
 .debug_info    0x00000000     0x79d6 ./Core/Src/main.o
 .debug_info    0x000079d6      0xe12 ./Core/Src/stm32f1xx_hal_msp.o
 .debug_info    0x000087e8      0x6da ./Core/Src/stm32f1xx_it.o
 .debug_info    0x00008ec2      0x6a3 ./Core/Src/syscalls.o
 .debug_info    0x00009565      0x168 ./Core/Src/sysmem.o
 .debug_info    0x000096cd      0x222 ./Core/Src/system_stm32f1xx.o
 .debug_info    0x000098ef       0x30 ./Core/Startup/startup_stm32f103c8tx.o
 .debug_info    0x0000991f      0x704 ./Drivers/STM32F1xx_HAL_Driver/Src/stm32f1xx_hal.o
 .debug_info    0x0000a023      0xc50 ./Drivers/STM32F1xx_HAL_Driver/Src/stm32f1xx_hal_adc.o
 .debug_info    0x0000ac73      0xa87 ./Drivers/STM32F1xx_HAL_Driver/Src/stm32f1xx_hal_cortex.o
 .debug_info    0x0000b6fa      0x5ab ./Drivers/STM32F1xx_HAL_Driver/Src/stm32f1xx_hal_gpio.o
 .debug_info    0x0000bca5      0x7d5 ./Drivers/STM32F1xx_HAL_Driver/Src/stm32f1xx_hal_rcc.o
 .debug_info    0x0000c47a      0x3c0 ./Drivers/STM32F1xx_HAL_Driver/Src/stm32f1xx_hal_rcc_ex.o
 .debug_info    0x0000c83a     0x2959 ./Drivers/STM32F1xx_HAL_Driver/Src/stm32f1xx_hal_tim.o
 .debug_info    0x0000f193     0x149b ./Drivers/STM32F1xx_HAL_Driver/Src/stm32f1xx_hal_tim_ex.o

.debug_abbrev   0x00000000     0x24f0
 .debug_abbrev  0x00000000      0xb56 ./Core/Src/main.o
 .debug_abbrev  0x00000b56      0x216 ./Core/Src/stm32f1xx_hal_msp.o
 .debug_abbrev  0x00000d6c      0x193 ./Core/Src/stm32f1xx_it.o
 .debug_abbrev  0x00000eff      0x1b6 ./Core/Src/syscalls.o
 .debug_abbrev  0x000010b5       0xbc ./Core/Src/sysmem.o
 .debug_abbrev  0x00001171      0x13f ./Core/Src/system_stm32f1xx.o
 .debug_abbrev  0x000012b0       0x24 ./Core/Startup/startup_stm32f103c8tx.o
 .debug_abbrev  0x000012d4      0x201 ./Drivers/STM32F1xx_HAL_Driver/Src/stm32f1xx_hal.o
 .debug_abbrev  0x000014d5      0x225 ./Drivers/STM32F1xx_HAL_Driver/Src/stm32f1xx_hal_adc.o
 .debug_abbrev  0x000016fa      0x2f8 ./Drivers/STM32F1xx_HAL_Driver/Src/stm32f1xx_hal_cortex.o
 .debug_abbrev  0x000019f2      0x1ca ./Drivers/STM32F1xx_HAL_Driver/Src/stm32f1xx_hal_gpio.o
 .debug_abbrev  0x00001bbc      0x2b3 ./Drivers/STM32F1xx_HAL_Driver/Src/stm32f1xx_hal_rcc.o
 .debug_abbrev  0x00001e6f      0x188 ./Drivers/STM32F1xx_HAL_Driver/Src/stm32f1xx_hal_rcc_ex.o
 .debug_abbrev  0x00001ff7      0x277 ./Drivers/STM32F1xx_HAL_Driver/Src/stm32f1xx_hal_tim.o
 .debug_abbrev  0x0000226e      0x282 ./Drivers/STM32F1xx_HAL_Driver/Src/stm32f1xx_hal_tim_ex.o

.debug_aranges  0x00000000      0xd60
 .debug_aranges
                0x00000000      0x258 ./Core/Src/main.o
 .debug_aranges
                0x00000258       0x58 ./Core/Src/stm32f1xx_hal_msp.o
 .debug_aranges
                0x000002b0       0x78 ./Core/Src/stm32f1xx_it.o
 .debug_aranges
                0x00000328       0xa8 ./Core/Src/syscalls.o
 .debug_aranges
                0x000003d0       0x20 ./Core/Src/sysmem.o
 .debug_aranges
                0x000003f0       0x28 ./Core/Src/system_stm32f1xx.o
 .debug_aranges
                0x00000418       0x28 ./Core/Startup/startup_stm32f103c8tx.o
 .debug_aranges
                0x00000440       0xe0 ./Drivers/STM32F1xx_HAL_Driver/Src/stm32f1xx_hal.o
 .debug_aranges
                0x00000520       0xf0 ./Drivers/STM32F1xx_HAL_Driver/Src/stm32f1xx_hal_adc.o
 .debug_aranges
                0x00000610      0x100 ./Drivers/STM32F1xx_HAL_Driver/Src/stm32f1xx_hal_cortex.o
 .debug_aranges
                0x00000710       0x58 ./Drivers/STM32F1xx_HAL_Driver/Src/stm32f1xx_hal_gpio.o
 .debug_aranges
                0x00000768       0x90 ./Drivers/STM32F1xx_HAL_Driver/Src/stm32f1xx_hal_rcc.o
 .debug_aranges
                0x000007f8       0x30 ./Drivers/STM32F1xx_HAL_Driver/Src/stm32f1xx_hal_rcc_ex.o
 .debug_aranges
                0x00000828      0x3d0 ./Drivers/STM32F1xx_HAL_Driver/Src/stm32f1xx_hal_tim.o
 .debug_aranges
                0x00000bf8      0x168 ./Drivers/STM32F1xx_HAL_Driver/Src/stm32f1xx_hal_tim_ex.o

.debug_rnglists
                0x00000000      0xa3f
 .debug_rnglists
                0x00000000      0x1c7 ./Core/Src/main.o
 .debug_rnglists
                0x000001c7       0x3f ./Core/Src/stm32f1xx_hal_msp.o
 .debug_rnglists
                0x00000206       0x55 ./Core/Src/stm32f1xx_it.o
 .debug_rnglists
                0x0000025b       0x79 ./Core/Src/syscalls.o
 .debug_rnglists
                0x000002d4       0x13 ./Core/Src/sysmem.o
 .debug_rnglists
                0x000002e7       0x1a ./Core/Src/system_stm32f1xx.o
 .debug_rnglists
                0x00000301       0x19 ./Core/Startup/startup_stm32f103c8tx.o
 .debug_rnglists
                0x0000031a       0xa3 ./Drivers/STM32F1xx_HAL_Driver/Src/stm32f1xx_hal.o
 .debug_rnglists
                0x000003bd       0xbc ./Drivers/STM32F1xx_HAL_Driver/Src/stm32f1xx_hal_adc.o
 .debug_rnglists
                0x00000479       0xbb ./Drivers/STM32F1xx_HAL_Driver/Src/stm32f1xx_hal_cortex.o
 .debug_rnglists
                0x00000534       0x3f ./Drivers/STM32F1xx_HAL_Driver/Src/stm32f1xx_hal_gpio.o
 .debug_rnglists
                0x00000573       0x6c ./Drivers/STM32F1xx_HAL_Driver/Src/stm32f1xx_hal_rcc.o
 .debug_rnglists
                0x000005df       0x21 ./Drivers/STM32F1xx_HAL_Driver/Src/stm32f1xx_hal_rcc_ex.o
 .debug_rnglists
                0x00000600      0x31a ./Drivers/STM32F1xx_HAL_Driver/Src/stm32f1xx_hal_tim.o
 .debug_rnglists
                0x0000091a      0x125 ./Drivers/STM32F1xx_HAL_Driver/Src/stm32f1xx_hal_tim_ex.o

.debug_macro    0x00000000    0x1c434
 .debug_macro   0x00000000      0x6be ./Core/Src/main.o
 .debug_macro   0x000006be      0xba4 ./Core/Src/main.o
 .debug_macro   0x00001262      0x21b ./Core/Src/main.o
 .debug_macro   0x0000147d       0x2e ./Core/Src/main.o
 .debug_macro   0x000014ab       0x22 ./Core/Src/main.o
 .debug_macro   0x000014cd       0x1c ./Core/Src/main.o
 .debug_macro   0x000014e9       0x22 ./Core/Src/main.o
 .debug_macro   0x0000150b       0x8e ./Core/Src/main.o
 .debug_macro   0x00001599       0x51 ./Core/Src/main.o
 .debug_macro   0x000015ea      0x103 ./Core/Src/main.o
 .debug_macro   0x000016ed       0x6a ./Core/Src/main.o
 .debug_macro   0x00001757      0x1df ./Core/Src/main.o
 .debug_macro   0x00001936       0x1c ./Core/Src/main.o
 .debug_macro   0x00001952       0x22 ./Core/Src/main.o
 .debug_macro   0x00001974       0xbd ./Core/Src/main.o
 .debug_macro   0x00001a31      0xd23 ./Core/Src/main.o
 .debug_macro   0x00002754     0xe09e ./Core/Src/main.o
 .debug_macro   0x000107f2       0x6d ./Core/Src/main.o
 .debug_macro   0x0001085f     0x34a2 ./Core/Src/main.o
 .debug_macro   0x00013d01      0x197 ./Core/Src/main.o
 .debug_macro   0x00013e98       0x5c ./Core/Src/main.o
 .debug_macro   0x00013ef4      0x5bc ./Core/Src/main.o
 .debug_macro   0x000144b0      0x289 ./Core/Src/main.o
 .debug_macro   0x00014739      0x1cb ./Core/Src/main.o
 .debug_macro   0x00014904      0x114 ./Core/Src/main.o
 .debug_macro   0x00014a18      0x1b2 ./Core/Src/main.o
 .debug_macro   0x00014bca       0x27 ./Core/Src/main.o
 .debug_macro   0x00014bf1      0x136 ./Core/Src/main.o
 .debug_macro   0x00014d27      0x1bc ./Core/Src/main.o
 .debug_macro   0x00014ee3       0x34 ./Core/Src/main.o
 .debug_macro   0x00014f17       0x3c ./Core/Src/main.o
 .debug_macro   0x00014f53       0x57 ./Core/Src/main.o
 .debug_macro   0x00014faa      0x46a ./Core/Src/main.o
 .debug_macro   0x00015414      0x1b5 ./Core/Src/main.o
 .debug_macro   0x000155c9       0x87 ./Core/Src/main.o
 .debug_macro   0x00015650      0x240 ./Core/Src/main.o
 .debug_macro   0x00015890      0x140 ./Core/Src/main.o
 .debug_macro   0x000159d0      0x8ed ./Core/Src/main.o
 .debug_macro   0x000162bd       0x83 ./Core/Src/main.o
 .debug_macro   0x00016340       0xf4 ./Core/Src/main.o
 .debug_macro   0x00016434      0x1f2 ./Core/Src/main.o
 .debug_macro   0x00016626       0x10 ./Core/Src/main.o
 .debug_macro   0x00016636      0x409 ./Core/Src/main.o
 .debug_macro   0x00016a3f       0x61 ./Core/Src/main.o
 .debug_macro   0x00016aa0       0x24 ./Core/Src/main.o
 .debug_macro   0x00016ac4       0x43 ./Core/Src/main.o
 .debug_macro   0x00016b07       0x34 ./Core/Src/main.o
 .debug_macro   0x00016b3b      0x38c ./Core/Src/main.o
 .debug_macro   0x00016ec7       0x16 ./Core/Src/main.o
 .debug_macro   0x00016edd       0x4a ./Core/Src/main.o
 .debug_macro   0x00016f27       0x34 ./Core/Src/main.o
 .debug_macro   0x00016f5b       0x10 ./Core/Src/main.o
 .debug_macro   0x00016f6b       0x58 ./Core/Src/main.o
 .debug_macro   0x00016fc3       0x8e ./Core/Src/main.o
 .debug_macro   0x00017051       0x16 ./Core/Src/main.o
 .debug_macro   0x00017067      0x185 ./Core/Src/main.o
 .debug_macro   0x000171ec       0x1c ./Core/Src/main.o
 .debug_macro   0x00017208       0x43 ./Core/Src/main.o
 .debug_macro   0x0001724b       0x10 ./Core/Src/main.o
 .debug_macro   0x0001725b       0x10 ./Core/Src/main.o
 .debug_macro   0x0001726b       0x33 ./Core/Src/main.o
 .debug_macro   0x0001729e      0x173 ./Core/Src/main.o
 .debug_macro   0x00017411       0x41 ./Core/Src/main.o
 .debug_macro   0x00017452       0x1c ./Core/Src/main.o
 .debug_macro   0x0001746e       0x1f ./Core/Src/main.o
 .debug_macro   0x0001748d       0x2c ./Core/Src/main.o
 .debug_macro   0x000174b9       0x11 ./Core/Src/main.o
 .debug_macro   0x000174ca       0x18 ./Core/Src/main.o
 .debug_macro   0x000174e2       0x10 ./Core/Src/main.o
 .debug_macro   0x000174f2       0x3c ./Core/Src/main.o
 .debug_macro   0x0001752e       0x5e ./Core/Src/main.o
 .debug_macro   0x0001758c       0x16 ./Core/Src/main.o
 .debug_macro   0x000175a2       0x52 ./Core/Src/main.o
 .debug_macro   0x000175f4       0x5e ./Core/Src/main.o
 .debug_macro   0x00017652       0x28 ./Core/Src/main.o
 .debug_macro   0x0001767a       0x2e ./Core/Src/main.o
 .debug_macro   0x000176a8       0x19 ./Core/Src/main.o
 .debug_macro   0x000176c1       0x11 ./Core/Src/main.o
 .debug_macro   0x000176d2       0x4f ./Core/Src/main.o
 .debug_macro   0x00017721       0x18 ./Core/Src/main.o
 .debug_macro   0x00017739       0x27 ./Core/Src/main.o
 .debug_macro   0x00017760       0x88 ./Core/Src/main.o
 .debug_macro   0x000177e8       0x19 ./Core/Src/main.o
 .debug_macro   0x00017801       0x1c ./Core/Src/main.o
 .debug_macro   0x0001781d       0x10 ./Core/Src/main.o
 .debug_macro   0x0001782d       0x16 ./Core/Src/main.o
 .debug_macro   0x00017843       0x16 ./Core/Src/main.o
 .debug_macro   0x00017859       0x29 ./Core/Src/main.o
 .debug_macro   0x00017882       0x1c ./Core/Src/main.o
 .debug_macro   0x0001789e       0xde ./Core/Src/main.o
 .debug_macro   0x0001797c       0x1c ./Core/Src/main.o
 .debug_macro   0x00017998       0x10 ./Core/Src/main.o
 .debug_macro   0x000179a8       0x16 ./Core/Src/main.o
 .debug_macro   0x000179be      0x131 ./Core/Src/main.o
 .debug_macro   0x00017aef      0x11d ./Core/Src/main.o
 .debug_macro   0x00017c0c       0x10 ./Core/Src/main.o
 .debug_macro   0x00017c1c      0x242 ./Core/Src/main.o
 .debug_macro   0x00017e5e       0x11 ./Core/Src/main.o
 .debug_macro   0x00017e6f       0x19 ./Core/Src/main.o
 .debug_macro   0x00017e88       0x18 ./Core/Src/main.o
 .debug_macro   0x00017ea0      0x194 ./Core/Src/main.o
 .debug_macro   0x00018034      0x3cd ./Core/Src/main.o
 .debug_macro   0x00018401       0x10 ./Core/Src/main.o
 .debug_macro   0x00018411       0x17 ./Core/Src/main.o
 .debug_macro   0x00018428       0x17 ./Core/Src/main.o
 .debug_macro   0x0001843f       0x2d ./Core/Src/main.o
 .debug_macro   0x0001846c       0x26 ./Core/Src/main.o
 .debug_macro   0x00018492      0x1bc ./Core/Src/stm32f1xx_hal_msp.o
 .debug_macro   0x0001864e      0xacc ./Core/Src/stm32f1xx_hal_msp.o
 .debug_macro   0x0001911a      0xd23 ./Core/Src/stm32f1xx_hal_msp.o
 .debug_macro   0x00019e3d      0x190 ./Core/Src/stm32f1xx_hal_msp.o
 .debug_macro   0x00019fcd      0x1c6 ./Core/Src/stm32f1xx_it.o
 .debug_macro   0x0001a193      0x274 ./Core/Src/syscalls.o
 .debug_macro   0x0001a407       0x5b ./Core/Src/syscalls.o
 .debug_macro   0x0001a462       0x94 ./Core/Src/syscalls.o
 .debug_macro   0x0001a4f6       0x34 ./Core/Src/syscalls.o
 .debug_macro   0x0001a52a       0x57 ./Core/Src/syscalls.o
 .debug_macro   0x0001a581      0x370 ./Core/Src/syscalls.o
 .debug_macro   0x0001a8f1       0x4a ./Core/Src/syscalls.o
 .debug_macro   0x0001a93b       0x1c ./Core/Src/syscalls.o
 .debug_macro   0x0001a957       0x10 ./Core/Src/syscalls.o
 .debug_macro   0x0001a967       0x3c ./Core/Src/syscalls.o
 .debug_macro   0x0001a9a3       0x10 ./Core/Src/syscalls.o
 .debug_macro   0x0001a9b3       0x10 ./Core/Src/syscalls.o
 .debug_macro   0x0001a9c3       0x10 ./Core/Src/syscalls.o
 .debug_macro   0x0001a9d3       0x1c ./Core/Src/syscalls.o
 .debug_macro   0x0001a9ef       0x52 ./Core/Src/syscalls.o
 .debug_macro   0x0001aa41       0x22 ./Core/Src/syscalls.o
 .debug_macro   0x0001aa63       0x10 ./Core/Src/syscalls.o
 .debug_macro   0x0001aa73       0x52 ./Core/Src/syscalls.o
 .debug_macro   0x0001aac5       0xcf ./Core/Src/syscalls.o
 .debug_macro   0x0001ab94       0x1c ./Core/Src/syscalls.o
 .debug_macro   0x0001abb0       0x3d ./Core/Src/syscalls.o
 .debug_macro   0x0001abed       0x35 ./Core/Src/syscalls.o
 .debug_macro   0x0001ac22      0x12c ./Core/Src/syscalls.o
 .debug_macro   0x0001ad4e       0x10 ./Core/Src/syscalls.o
 .debug_macro   0x0001ad5e      0x146 ./Core/Src/syscalls.o
 .debug_macro   0x0001aea4      0x18a ./Core/Src/syscalls.o
 .debug_macro   0x0001b02e       0x16 ./Core/Src/syscalls.o
 .debug_macro   0x0001b044       0xce ./Core/Src/syscalls.o
 .debug_macro   0x0001b112      0x112 ./Core/Src/sysmem.o
 .debug_macro   0x0001b224      0x23c ./Core/Src/sysmem.o
 .debug_macro   0x0001b460      0x1ad ./Core/Src/system_stm32f1xx.o
 .debug_macro   0x0001b60d      0x1d1 ./Drivers/STM32F1xx_HAL_Driver/Src/stm32f1xx_hal.o
 .debug_macro   0x0001b7de      0x1ca ./Drivers/STM32F1xx_HAL_Driver/Src/stm32f1xx_hal_adc.o
 .debug_macro   0x0001b9a8      0x1ad ./Drivers/STM32F1xx_HAL_Driver/Src/stm32f1xx_hal_cortex.o
 .debug_macro   0x0001bb55      0x218 ./Drivers/STM32F1xx_HAL_Driver/Src/stm32f1xx_hal_gpio.o
 .debug_macro   0x0001bd6d      0x1bf ./Drivers/STM32F1xx_HAL_Driver/Src/stm32f1xx_hal_rcc.o
 .debug_macro   0x0001bf2c      0x1ad ./Drivers/STM32F1xx_HAL_Driver/Src/stm32f1xx_hal_rcc_ex.o
 .debug_macro   0x0001c0d9      0x1ae ./Drivers/STM32F1xx_HAL_Driver/Src/stm32f1xx_hal_tim.o
 .debug_macro   0x0001c287      0x1ad ./Drivers/STM32F1xx_HAL_Driver/Src/stm32f1xx_hal_tim_ex.o

.debug_line     0x00000000     0xdd87
 .debug_line    0x00000000     0x22a9 ./Core/Src/main.o
 .debug_line    0x000022a9      0x849 ./Core/Src/stm32f1xx_hal_msp.o
 .debug_line    0x00002af2      0x80c ./Core/Src/stm32f1xx_it.o
 .debug_line    0x000032fe      0x8ac ./Core/Src/syscalls.o
 .debug_line    0x00003baa      0x588 ./Core/Src/sysmem.o
 .debug_line    0x00004132      0x794 ./Core/Src/system_stm32f1xx.o
 .debug_line    0x000048c6       0x78 ./Core/Startup/startup_stm32f103c8tx.o
 .debug_line    0x0000493e      0x9c5 ./Drivers/STM32F1xx_HAL_Driver/Src/stm32f1xx_hal.o
 .debug_line    0x00005303      0xfea ./Drivers/STM32F1xx_HAL_Driver/Src/stm32f1xx_hal_adc.o
 .debug_line    0x000062ed      0xb8f ./Drivers/STM32F1xx_HAL_Driver/Src/stm32f1xx_hal_cortex.o
 .debug_line    0x00006e7c      0xa22 ./Drivers/STM32F1xx_HAL_Driver/Src/stm32f1xx_hal_gpio.o
 .debug_line    0x0000789e      0xe7e ./Drivers/STM32F1xx_HAL_Driver/Src/stm32f1xx_hal_rcc.o
 .debug_line    0x0000871c      0x92f ./Drivers/STM32F1xx_HAL_Driver/Src/stm32f1xx_hal_rcc_ex.o
 .debug_line    0x0000904b     0x34b3 ./Drivers/STM32F1xx_HAL_Driver/Src/stm32f1xx_hal_tim.o
 .debug_line    0x0000c4fe     0x1889 ./Drivers/STM32F1xx_HAL_Driver/Src/stm32f1xx_hal_tim_ex.o

.debug_str      0x00000000    0x999a7
 .debug_str     0x00000000    0x999a7 ./Core/Src/main.o
                              0x961de (size before relaxing)
 .debug_str     0x000999a7    0x872fe ./Core/Src/stm32f1xx_hal_msp.o
 .debug_str     0x000999a7    0x86e0a ./Core/Src/stm32f1xx_it.o
 .debug_str     0x000999a7     0x9985 ./Core/Src/syscalls.o
 .debug_str     0x000999a7     0x7723 ./Core/Src/sysmem.o
 .debug_str     0x000999a7    0x86553 ./Core/Src/system_stm32f1xx.o
 .debug_str     0x000999a7       0x91 ./Core/Startup/startup_stm32f103c8tx.o
 .debug_str     0x000999a7    0x86c9a ./Drivers/STM32F1xx_HAL_Driver/Src/stm32f1xx_hal.o
 .debug_str     0x000999a7    0x86c4b ./Drivers/STM32F1xx_HAL_Driver/Src/stm32f1xx_hal_adc.o
 .debug_str     0x000999a7    0x86be6 ./Drivers/STM32F1xx_HAL_Driver/Src/stm32f1xx_hal_cortex.o
 .debug_str     0x000999a7    0x868ed ./Drivers/STM32F1xx_HAL_Driver/Src/stm32f1xx_hal_gpio.o
 .debug_str     0x000999a7    0x86996 ./Drivers/STM32F1xx_HAL_Driver/Src/stm32f1xx_hal_rcc.o
 .debug_str     0x000999a7    0x866e6 ./Drivers/STM32F1xx_HAL_Driver/Src/stm32f1xx_hal_rcc_ex.o
 .debug_str     0x000999a7    0x87998 ./Drivers/STM32F1xx_HAL_Driver/Src/stm32f1xx_hal_tim.o
 .debug_str     0x000999a7    0x871a4 ./Drivers/STM32F1xx_HAL_Driver/Src/stm32f1xx_hal_tim_ex.o

.comment        0x00000000       0x43
 .comment       0x00000000       0x43 ./Core/Src/main.o
                                 0x44 (size before relaxing)
 .comment       0x00000043       0x44 ./Core/Src/stm32f1xx_hal_msp.o
 .comment       0x00000043       0x44 ./Core/Src/stm32f1xx_it.o
 .comment       0x00000043       0x44 ./Core/Src/syscalls.o
 .comment       0x00000043       0x44 ./Core/Src/sysmem.o
 .comment       0x00000043       0x44 ./Core/Src/system_stm32f1xx.o
 .comment       0x00000043       0x44 ./Drivers/STM32F1xx_HAL_Driver/Src/stm32f1xx_hal.o
 .comment       0x00000043       0x44 ./Drivers/STM32F1xx_HAL_Driver/Src/stm32f1xx_hal_adc.o
 .comment       0x00000043       0x44 ./Drivers/STM32F1xx_HAL_Driver/Src/stm32f1xx_hal_cortex.o
 .comment       0x00000043       0x44 ./Drivers/STM32F1xx_HAL_Driver/Src/stm32f1xx_hal_gpio.o
 .comment       0x00000043       0x44 ./Drivers/STM32F1xx_HAL_Driver/Src/stm32f1xx_hal_rcc.o
 .comment       0x00000043       0x44 ./Drivers/STM32F1xx_HAL_Driver/Src/stm32f1xx_hal_rcc_ex.o
 .comment       0x00000043       0x44 ./Drivers/STM32F1xx_HAL_Driver/Src/stm32f1xx_hal_tim.o
 .comment       0x00000043       0x44 ./Drivers/STM32F1xx_HAL_Driver/Src/stm32f1xx_hal_tim_ex.o

.debug_frame    0x00000000     0x3e8c
 .debug_frame   0x00000000      0xa54 ./Core/Src/main.o
 .debug_frame   0x00000a54      0x134 ./Core/Src/stm32f1xx_hal_msp.o
 .debug_frame   0x00000b88      0x158 ./Core/Src/stm32f1xx_it.o
 .debug_frame   0x00000ce0      0x2ac ./Core/Src/syscalls.o
 .debug_frame   0x00000f8c       0x34 ./Core/Src/sysmem.o
 .debug_frame   0x00000fc0       0x58 ./Core/Src/system_stm32f1xx.o
 .debug_frame   0x00001018      0x334 ./Drivers/STM32F1xx_HAL_Driver/Src/stm32f1xx_hal.o
 .debug_frame   0x0000134c      0x40c ./Drivers/STM32F1xx_HAL_Driver/Src/stm32f1xx_hal_adc.o
 .debug_frame   0x00001758      0x428 ./Drivers/STM32F1xx_HAL_Driver/Src/stm32f1xx_hal_cortex.o
 .debug_frame   0x00001b80      0x14c ./Drivers/STM32F1xx_HAL_Driver/Src/stm32f1xx_hal_gpio.o
 .debug_frame   0x00001ccc      0x218 ./Drivers/STM32F1xx_HAL_Driver/Src/stm32f1xx_hal_rcc.o
 .debug_frame   0x00001ee4       0x80 ./Drivers/STM32F1xx_HAL_Driver/Src/stm32f1xx_hal_rcc_ex.o
 .debug_frame   0x00001f64     0x11b8 ./Drivers/STM32F1xx_HAL_Driver/Src/stm32f1xx_hal_tim.o
 .debug_frame   0x0000311c      0x638 ./Drivers/STM32F1xx_HAL_Driver/Src/stm32f1xx_hal_tim_ex.o
 .debug_frame   0x00003754       0x20 C:/ST/STM32CubeIDE_1.18.0/STM32CubeIDE/plugins/com.st.stm32cube.ide.mcu.externaltools.gnu-tools-for-stm32.13.3.rel1.win32_1.0.0.202411081344/tools/bin/../lib/gcc/arm-none-eabi/13.3.1/../../../../arm-none-eabi/lib/thumb/v7-m/nofp\libstdc++_nano.a(del_ops.o)
 .debug_frame   0x00003774       0x20 C:/ST/STM32CubeIDE_1.18.0/STM32CubeIDE/plugins/com.st.stm32cube.ide.mcu.externaltools.gnu-tools-for-stm32.13.3.rel1.win32_1.0.0.202411081344/tools/bin/../lib/gcc/arm-none-eabi/13.3.1/../../../../arm-none-eabi/lib/thumb/v7-m/nofp\libstdc++_nano.a(del_opv.o)
 .debug_frame   0x00003794       0x28 C:/ST/STM32CubeIDE_1.18.0/STM32CubeIDE/plugins/com.st.stm32cube.ide.mcu.externaltools.gnu-tools-for-stm32.13.3.rel1.win32_1.0.0.202411081344/tools/bin/../lib/gcc/arm-none-eabi/13.3.1/../../../../arm-none-eabi/lib/thumb/v7-m/nofp\libstdc++_nano.a(new_op.o)
 .debug_frame   0x000037bc       0x20 C:/ST/STM32CubeIDE_1.18.0/STM32CubeIDE/plugins/com.st.stm32cube.ide.mcu.externaltools.gnu-tools-for-stm32.13.3.rel1.win32_1.0.0.202411081344/tools/bin/../lib/gcc/arm-none-eabi/13.3.1/../../../../arm-none-eabi/lib/thumb/v7-m/nofp\libstdc++_nano.a(new_opv.o)
 .debug_frame   0x000037dc      0x184 C:/ST/STM32CubeIDE_1.18.0/STM32CubeIDE/plugins/com.st.stm32cube.ide.mcu.externaltools.gnu-tools-for-stm32.13.3.rel1.win32_1.0.0.202411081344/tools/bin/../lib/gcc/arm-none-eabi/13.3.1/../../../../arm-none-eabi/lib/thumb/v7-m/nofp\libstdc++_nano.a(functexcept.o)
 .debug_frame   0x00003960       0x20 C:/ST/STM32CubeIDE_1.18.0/STM32CubeIDE/plugins/com.st.stm32cube.ide.mcu.externaltools.gnu-tools-for-stm32.13.3.rel1.win32_1.0.0.202411081344/tools/bin/../lib/gcc/arm-none-eabi/13.3.1/../../../../arm-none-eabi/lib/thumb/v7-m/nofp\libstdc++_nano.a(del_op.o)
 .debug_frame   0x00003980       0x30 C:/ST/STM32CubeIDE_1.18.0/STM32CubeIDE/plugins/com.st.stm32cube.ide.mcu.externaltools.gnu-tools-for-stm32.13.3.rel1.win32_1.0.0.202411081344/tools/bin/../lib/gcc/arm-none-eabi/13.3.1/../../../../arm-none-eabi/lib/thumb/v7-m/nofp\libstdc++_nano.a(new_handler.o)
 .debug_frame   0x000039b0       0x28 C:/ST/STM32CubeIDE_1.18.0/STM32CubeIDE/plugins/com.st.stm32cube.ide.mcu.externaltools.gnu-tools-for-stm32.13.3.rel1.win32_1.0.0.202411081344/tools/bin/../lib/gcc/arm-none-eabi/13.3.1/../../../../arm-none-eabi/lib/thumb/v7-m/nofp\libc_nano.a(libc_a-abort.o)
 .debug_frame   0x000039d8       0x30 C:/ST/STM32CubeIDE_1.18.0/STM32CubeIDE/plugins/com.st.stm32cube.ide.mcu.externaltools.gnu-tools-for-stm32.13.3.rel1.win32_1.0.0.202411081344/tools/bin/../lib/gcc/arm-none-eabi/13.3.1/../../../../arm-none-eabi/lib/thumb/v7-m/nofp\libc_nano.a(libc_a-malloc.o)
 .debug_frame   0x00003a08       0x50 C:/ST/STM32CubeIDE_1.18.0/STM32CubeIDE/plugins/com.st.stm32cube.ide.mcu.externaltools.gnu-tools-for-stm32.13.3.rel1.win32_1.0.0.202411081344/tools/bin/../lib/gcc/arm-none-eabi/13.3.1/../../../../arm-none-eabi/lib/thumb/v7-m/nofp\libc_nano.a(libc_a-mallocr.o)
 .debug_frame   0x00003a58       0x30 C:/ST/STM32CubeIDE_1.18.0/STM32CubeIDE/plugins/com.st.stm32cube.ide.mcu.externaltools.gnu-tools-for-stm32.13.3.rel1.win32_1.0.0.202411081344/tools/bin/../lib/gcc/arm-none-eabi/13.3.1/../../../../arm-none-eabi/lib/thumb/v7-m/nofp\libc_nano.a(libc_a-mlock.o)
 .debug_frame   0x00003a88      0x144 C:/ST/STM32CubeIDE_1.18.0/STM32CubeIDE/plugins/com.st.stm32cube.ide.mcu.externaltools.gnu-tools-for-stm32.13.3.rel1.win32_1.0.0.202411081344/tools/bin/../lib/gcc/arm-none-eabi/13.3.1/../../../../arm-none-eabi/lib/thumb/v7-m/nofp\libc_nano.a(libc_a-findfp.o)
 .debug_frame   0x00003bcc       0x20 C:/ST/STM32CubeIDE_1.18.0/STM32CubeIDE/plugins/com.st.stm32cube.ide.mcu.externaltools.gnu-tools-for-stm32.13.3.rel1.win32_1.0.0.202411081344/tools/bin/../lib/gcc/arm-none-eabi/13.3.1/../../../../arm-none-eabi/lib/thumb/v7-m/nofp\libc_nano.a(libc_a-memset.o)
 .debug_frame   0x00003bec       0xcc C:/ST/STM32CubeIDE_1.18.0/STM32CubeIDE/plugins/com.st.stm32cube.ide.mcu.externaltools.gnu-tools-for-stm32.13.3.rel1.win32_1.0.0.202411081344/tools/bin/../lib/gcc/arm-none-eabi/13.3.1/../../../../arm-none-eabi/lib/thumb/v7-m/nofp\libc_nano.a(libc_a-signal.o)
 .debug_frame   0x00003cb8       0x38 C:/ST/STM32CubeIDE_1.18.0/STM32CubeIDE/plugins/com.st.stm32cube.ide.mcu.externaltools.gnu-tools-for-stm32.13.3.rel1.win32_1.0.0.202411081344/tools/bin/../lib/gcc/arm-none-eabi/13.3.1/../../../../arm-none-eabi/lib/thumb/v7-m/nofp\libc_nano.a(libc_a-reent.o)
 .debug_frame   0x00003cf0       0x3c C:/ST/STM32CubeIDE_1.18.0/STM32CubeIDE/plugins/com.st.stm32cube.ide.mcu.externaltools.gnu-tools-for-stm32.13.3.rel1.win32_1.0.0.202411081344/tools/bin/../lib/gcc/arm-none-eabi/13.3.1/../../../../arm-none-eabi/lib/thumb/v7-m/nofp\libc_nano.a(libc_a-signalr.o)
 .debug_frame   0x00003d2c       0x2c C:/ST/STM32CubeIDE_1.18.0/STM32CubeIDE/plugins/com.st.stm32cube.ide.mcu.externaltools.gnu-tools-for-stm32.13.3.rel1.win32_1.0.0.202411081344/tools/bin/../lib/gcc/arm-none-eabi/13.3.1/../../../../arm-none-eabi/lib/thumb/v7-m/nofp\libc_nano.a(libc_a-sbrkr.o)
 .debug_frame   0x00003d58       0x20 C:/ST/STM32CubeIDE_1.18.0/STM32CubeIDE/plugins/com.st.stm32cube.ide.mcu.externaltools.gnu-tools-for-stm32.13.3.rel1.win32_1.0.0.202411081344/tools/bin/../lib/gcc/arm-none-eabi/13.3.1/../../../../arm-none-eabi/lib/thumb/v7-m/nofp\libc_nano.a(libc_a-errno.o)
 .debug_frame   0x00003d78       0x2c C:/ST/STM32CubeIDE_1.18.0/STM32CubeIDE/plugins/com.st.stm32cube.ide.mcu.externaltools.gnu-tools-for-stm32.13.3.rel1.win32_1.0.0.202411081344/tools/bin/../lib/gcc/arm-none-eabi/13.3.1/../../../../arm-none-eabi/lib/thumb/v7-m/nofp\libc_nano.a(libc_a-init.o)
 .debug_frame   0x00003da4       0xb0 C:/ST/STM32CubeIDE_1.18.0/STM32CubeIDE/plugins/com.st.stm32cube.ide.mcu.externaltools.gnu-tools-for-stm32.13.3.rel1.win32_1.0.0.202411081344/tools/bin/../lib/gcc/arm-none-eabi/13.3.1/../../../../arm-none-eabi/lib/thumb/v7-m/nofp\libc_nano.a(libc_a-lock.o)
 .debug_frame   0x00003e54       0x38 C:/ST/STM32CubeIDE_1.18.0/STM32CubeIDE/plugins/com.st.stm32cube.ide.mcu.externaltools.gnu-tools-for-stm32.13.3.rel1.win32_1.0.0.202411081344/tools/bin/../lib/gcc/arm-none-eabi/13.3.1/../../../../arm-none-eabi/lib/thumb/v7-m/nofp\libc_nano.a(libc_a-freer.o)

.debug_line_str
                0x00000000       0x75
 .debug_line_str
                0x00000000       0x75 ./Core/Startup/startup_stm32f103c8tx.o