../Core/Inc/encoders.h:14:3:Encoders::Encoders()	16	static
../Core/Inc/encoders.h:20:8:void Encoders::HAL_TIM_IC_CaptureCallback(TIM_HandleTypeDef*)	16	static
../Core/Inc/encoders.h:30:8:void Encoders::initialize()	16	static
../Core/Inc/encoders.h:36:8:void Encoders::reset()	16	static
../Core/Inc/encoders.h:69:8:void Encoders::update_encoder_counts()	16	static
../Core/Src/main.cpp:117:6:void HAL_TIM_IC_CaptureCallback(TIM_HandleTypeDef*)	16	static
../Core/Src/main.cpp:121:13:void ADC1_Select_CH4()	24	static
../Core/Src/main.cpp:133:13:void ADC1_Select_CH9()	24	static
../Core/Src/main.cpp:145:10:uint16_t measure_dist(dist_t)	32	static
../Core/Src/main.cpp:188:5:int main()	8	static
../Core/Src/main.cpp:245:6:void SystemClock_Config()	88	static
../Core/Src/main.cpp:292:13:void MX_ADC1_Init()	24	static
../Core/Src/main.cpp:339:13:void MX_ADC2_Init()	24	static
../Core/Src/main.cpp:386:13:void MX_TIM2_Init()	64	static
../Core/Src/main.cpp:449:13:void MX_TIM3_Init()	56	static
../Core/Src/main.cpp:498:13:void MX_TIM4_Init()	56	static
../Core/Src/main.cpp:547:13:void MX_GPIO_Init()	40	static
../Core/Src/main.cpp:599:6:void HAL_TIM_PeriodElapsedCallback(TIM_HandleTypeDef*)	16	static
../Core/Src/main.cpp:608:6:void Error_Handler()	4	static,ignoring_inline_asm
../Core/Src/main.cpp:617:1:void __static_initialization_and_destruction_0()	8	static
../Core/Src/main.cpp:617:1:cpp)	8	static
