../Core/Inc/encoders.h:17:3:Encoders::Encoders()	16	static
../Core/Inc/encoders.h:22:8:void Encoders::update(TIM_HandleTypeDef*)	16	static
../Core/Inc/encoders.h:30:8:void Encoders::initialize()	16	static
../Core/Inc/encoders.h:36:8:void Encoders::reset()	16	static
../Core/Inc/coord.h:22:5:Coord::Coord(int, int)	24	static
../Core/Inc/mouse.h:14:5:Mouse::Mouse()	16	static
../Core/Inc/sensors.h:21:10:void Sensors::update()	16	static
../Core/Inc/sensors.h:32:10:bool Sensors::wall_left()	24	static
../Core/Inc/sensors.h:36:10:bool Sensors::wall_right()	24	static
../Core/Inc/sensors.h:44:11:float Sensors::wall_left_distance_mm()	16	static
../Core/Inc/sensors.h:48:11:float Sensors::wall_right_distance_mm()	16	static
../Core/Inc/sensors.h:58:17:static void Sensors::ADC1_Select_CH4()	24	static
../Core/Inc/sensors.h:70:17:static void Sensors::ADC1_Select_CH5()	24	static
../Core/Inc/sensors.h:82:17:static void Sensors::ADC1_Select_CH8()	24	static
../Core/Inc/sensors.h:94:17:static void Sensors::ADC1_Select_CH9()	24	static
../Core/Inc/sensors.h:106:14:uint16_t Sensors::measure_dist(dist_t)	32	static
../Core/Inc/sensors.h:158:11:float Sensors::adc_to_mm(uint16_t)	24	static
../Core/Inc/maze.h:43:7:void Maze::set_goal_cells(bool)	72	static
../Core/Inc/maze.h:56:5:Maze::Maze()	16	static
../Core/Inc/maze.h:60:5:Maze::~Maze()	16	static
../Core/Inc/profile.h:22:3:MotionProfile::MotionProfile()	16	static
../Core/Inc/control.h:12:7:float get_steering_adjustment()	24	static
C:\ST\STM32CubeIDE_1.18.0\STM32CubeIDE\plugins\com.st.stm32cube.ide.mcu.externaltools.gnu-tools-for-stm32.13.3.rel1.win32_1.0.0.202411081344\tools\bin/../lib/gcc/arm-none-eabi/13.3.1/../../../../arm-none-eabi/include/c++/13.3.1/bits/stl_deque.h:96:3:constexpr std::size_t std::__deque_buf_size(size_t)	16	static
C:\ST\STM32CubeIDE_1.18.0\STM32CubeIDE\plugins\com.st.stm32cube.ide.mcu.externaltools.gnu-tools-for-stm32.13.3.rel1.win32_1.0.0.202411081344\tools\bin/../lib/gcc/arm-none-eabi/13.3.1/../../../../arm-none-eabi/include/c++/13.3.1/bits/stl_queue.h:96:11:std::queue<MotionCommand>::~queue()	16	static
../Core/Inc/trajectory.h:43:5:MotionController::MotionController()	16	static
../Core/Inc/trajectory.h:41:7:MotionController::~MotionController()	16	static
../Core/Src/main.cpp:142:6:void HAL_TIM_IC_CaptureCallback(TIM_HandleTypeDef*)	16	static
../Core/Src/main.cpp:151:5:int main()	8	static
../Core/Src/main.cpp:201:6:void SystemClock_Config()	88	static
../Core/Src/main.cpp:248:13:void MX_ADC1_Init()	24	static
../Core/Src/main.cpp:295:13:void MX_TIM2_Init()	64	static
../Core/Src/main.cpp:358:13:void MX_TIM3_Init()	56	static
../Core/Src/main.cpp:407:13:void MX_TIM4_Init()	56	static
../Core/Src/main.cpp:456:13:void MX_GPIO_Init()	40	static
../Core/Src/main.cpp:515:6:void HAL_TIM_PeriodElapsedCallback(TIM_HandleTypeDef*)	16	static
../Core/Src/main.cpp:530:6:void Error_Handler()	4	static,ignoring_inline_asm
C:\ST\STM32CubeIDE_1.18.0\STM32CubeIDE\plugins\com.st.stm32cube.ide.mcu.externaltools.gnu-tools-for-stm32.13.3.rel1.win32_1.0.0.202411081344\tools\bin/../lib/gcc/arm-none-eabi/13.3.1/../../../../arm-none-eabi/include/c++/13.3.1/bits/stl_deque.h:855:7:std::deque<_Tp, _Alloc>::deque() [with _Tp = MotionCommand; _Alloc = std::allocator<MotionCommand>]	16	static
C:\ST\STM32CubeIDE_1.18.0\STM32CubeIDE\plugins\com.st.stm32cube.ide.mcu.externaltools.gnu-tools-for-stm32.13.3.rel1.win32_1.0.0.202411081344\tools\bin/../lib/gcc/arm-none-eabi/13.3.1/../../../../arm-none-eabi/include/c++/13.3.1/bits/stl_queue.h:166:2:std::queue<_Tp, _Sequence>::queue() [with _Seq = std::deque<MotionCommand, std::allocator<MotionCommand> >; _Requires = void; _Tp = MotionCommand; _Sequence = std::deque<MotionCommand, std::allocator<MotionCommand> >]	16	static
C:\ST\STM32CubeIDE_1.18.0\STM32CubeIDE\plugins\com.st.stm32cube.ide.mcu.externaltools.gnu-tools-for-stm32.13.3.rel1.win32_1.0.0.202411081344\tools\bin/../lib/gcc/arm-none-eabi/13.3.1/../../../../arm-none-eabi/include/c++/13.3.1/bits/stl_deque.h:1027:7:std::deque<_Tp, _Alloc>::~deque() [with _Tp = MotionCommand; _Alloc = std::allocator<MotionCommand>]	48	static
C:\ST\STM32CubeIDE_1.18.0\STM32CubeIDE\plugins\com.st.stm32cube.ide.mcu.externaltools.gnu-tools-for-stm32.13.3.rel1.win32_1.0.0.202411081344\tools\bin/../lib/gcc/arm-none-eabi/13.3.1/../../../../arm-none-eabi/include/c++/13.3.1/bits/stl_deque.h:542:14:std::_Deque_base<MotionCommand, std::allocator<MotionCommand> >::_Deque_impl::~_Deque_impl()	24	static
C:\ST\STM32CubeIDE_1.18.0\STM32CubeIDE\plugins\com.st.stm32cube.ide.mcu.externaltools.gnu-tools-for-stm32.13.3.rel1.win32_1.0.0.202411081344\tools\bin/../lib/gcc/arm-none-eabi/13.3.1/../../../../arm-none-eabi/include/c++/13.3.1/bits/stl_deque.h:617:5:std::_Deque_base<_Tp, _Alloc>::~_Deque_base() [with _Tp = MotionCommand; _Alloc = std::allocator<MotionCommand>]	16	static
C:\ST\STM32CubeIDE_1.18.0\STM32CubeIDE\plugins\com.st.stm32cube.ide.mcu.externaltools.gnu-tools-for-stm32.13.3.rel1.win32_1.0.0.202411081344\tools\bin/../lib/gcc/arm-none-eabi/13.3.1/../../../../arm-none-eabi/include/c++/13.3.1/bits/stl_deque.h:458:7:std::_Deque_base<_Tp, _Alloc>::_Deque_base() [with _Tp = MotionCommand; _Alloc = std::allocator<MotionCommand>]	16	static
C:\ST\STM32CubeIDE_1.18.0\STM32CubeIDE\plugins\com.st.stm32cube.ide.mcu.externaltools.gnu-tools-for-stm32.13.3.rel1.win32_1.0.0.202411081344\tools\bin/../lib/gcc/arm-none-eabi/13.3.1/../../../../arm-none-eabi/include/c++/13.3.1/bits/stl_deque.h:1151:7:std::deque<_Tp, _Alloc>::iterator std::deque<_Tp, _Alloc>::begin() [with _Tp = MotionCommand; _Alloc = std::allocator<MotionCommand>]	16	static
C:\ST\STM32CubeIDE_1.18.0\STM32CubeIDE\plugins\com.st.stm32cube.ide.mcu.externaltools.gnu-tools-for-stm32.13.3.rel1.win32_1.0.0.202411081344\tools\bin/../lib/gcc/arm-none-eabi/13.3.1/../../../../arm-none-eabi/include/c++/13.3.1/bits/stl_deque.h:1170:7:std::deque<_Tp, _Alloc>::iterator std::deque<_Tp, _Alloc>::end() [with _Tp = MotionCommand; _Alloc = std::allocator<MotionCommand>]	16	static
C:\ST\STM32CubeIDE_1.18.0\STM32CubeIDE\plugins\com.st.stm32cube.ide.mcu.externaltools.gnu-tools-for-stm32.13.3.rel1.win32_1.0.0.202411081344\tools\bin/../lib/gcc/arm-none-eabi/13.3.1/../../../../arm-none-eabi/include/c++/13.3.1/bits/stl_deque.h:568:7:std::_Deque_base<_Tp, _Alloc>::_Tp_alloc_type& std::_Deque_base<_Tp, _Alloc>::_M_get_Tp_allocator() [with _Tp = MotionCommand; _Alloc = std::allocator<MotionCommand>]	16	static
C:\ST\STM32CubeIDE_1.18.0\STM32CubeIDE\plugins\com.st.stm32cube.ide.mcu.externaltools.gnu-tools-for-stm32.13.3.rel1.win32_1.0.0.202411081344\tools\bin/../lib/gcc/arm-none-eabi/13.3.1/../../../../arm-none-eabi/include/c++/13.3.1/bits/stl_deque.h:168:7:std::_Deque_iterator<_Tp, _Ref, _Ptr>::_Deque_iterator(const std::_Deque_iterator<_Tp, _Ref, _Ptr>&) [with _Tp = MotionCommand; _Ref = MotionCommand&; _Ptr = MotionCommand*]	16	static
C:\ST\STM32CubeIDE_1.18.0\STM32CubeIDE\plugins\com.st.stm32cube.ide.mcu.externaltools.gnu-tools-for-stm32.13.3.rel1.win32_1.0.0.202411081344\tools\bin/../lib/gcc/arm-none-eabi/13.3.1/../../../../arm-none-eabi/include/c++/13.3.1/bits/stl_deque.h:2087:7:void std::deque<_Tp, _Alloc>::_M_destroy_data(iterator, iterator, const std::allocator<_CharT>&) [with _Tp = MotionCommand; _Alloc = std::allocator<MotionCommand>]	56	static
C:\ST\STM32CubeIDE_1.18.0\STM32CubeIDE\plugins\com.st.stm32cube.ide.mcu.externaltools.gnu-tools-for-stm32.13.3.rel1.win32_1.0.0.202411081344\tools\bin/../lib/gcc/arm-none-eabi/13.3.1/../../../../arm-none-eabi/include/c++/13.3.1/bits/stl_deque.h:638:5:void std::_Deque_base<_Tp, _Alloc>::_M_initialize_map(std::size_t) [with _Tp = MotionCommand; _Alloc = std::allocator<MotionCommand>]	48	static
C:\ST\STM32CubeIDE_1.18.0\STM32CubeIDE\plugins\com.st.stm32cube.ide.mcu.externaltools.gnu-tools-for-stm32.13.3.rel1.win32_1.0.0.202411081344\tools\bin/../lib/gcc/arm-none-eabi/13.3.1/../../../../arm-none-eabi/include/c++/13.3.1/bits/stl_deque.h:695:5:void std::_Deque_base<_Tp, _Alloc>::_M_destroy_nodes(_Map_pointer, _Map_pointer) [with _Tp = MotionCommand; _Alloc = std::allocator<MotionCommand>]	32	static
C:\ST\STM32CubeIDE_1.18.0\STM32CubeIDE\plugins\com.st.stm32cube.ide.mcu.externaltools.gnu-tools-for-stm32.13.3.rel1.win32_1.0.0.202411081344\tools\bin/../lib/gcc/arm-none-eabi/13.3.1/../../../../arm-none-eabi/include/c++/13.3.1/bits/stl_deque.h:601:7:void std::_Deque_base<_Tp, _Alloc>::_M_deallocate_map(_Map_pointer, std::size_t) [with _Tp = MotionCommand; _Alloc = std::allocator<MotionCommand>]	40	static
C:\ST\STM32CubeIDE_1.18.0\STM32CubeIDE\plugins\com.st.stm32cube.ide.mcu.externaltools.gnu-tools-for-stm32.13.3.rel1.win32_1.0.0.202411081344\tools\bin/../lib/gcc/arm-none-eabi/13.3.1/../../../../arm-none-eabi/include/c++/13.3.1/bits/stl_deque.h:545:2:std::_Deque_base<_Tp, _Alloc>::_Deque_impl::_Deque_impl() [with _Tp = MotionCommand; _Alloc = std::allocator<MotionCommand>]	24	static
C:\ST\STM32CubeIDE_1.18.0\STM32CubeIDE\plugins\com.st.stm32cube.ide.mcu.externaltools.gnu-tools-for-stm32.13.3.rel1.win32_1.0.0.202411081344\tools\bin/../lib/gcc/arm-none-eabi/13.3.1/../../../../arm-none-eabi/include/c++/13.3.1/bits/stl_deque.h:516:2:std::_Deque_base<_Tp, _Alloc>::_Deque_impl_data::_Deque_impl_data() [with _Tp = MotionCommand; _Alloc = std::allocator<MotionCommand>]	16	static
C:\ST\STM32CubeIDE_1.18.0\STM32CubeIDE\plugins\com.st.stm32cube.ide.mcu.externaltools.gnu-tools-for-stm32.13.3.rel1.win32_1.0.0.202411081344\tools\arm-none-eabi\include\c++\13.3.1\bits\new_allocator.h:104:7:std::__new_allocator<_Tp>::~__new_allocator() [with _Tp = MotionCommand]	16	static
C:\ST\STM32CubeIDE_1.18.0\STM32CubeIDE\plugins\com.st.stm32cube.ide.mcu.externaltools.gnu-tools-for-stm32.13.3.rel1.win32_1.0.0.202411081344\tools\bin/../lib/gcc/arm-none-eabi/13.3.1/../../../../arm-none-eabi/include/c++/13.3.1/bits/stl_algobase.h:257:5:constexpr const _Tp& std::max(const _Tp&, const _Tp&) [with _Tp = unsigned int]	16	static
C:\ST\STM32CubeIDE_1.18.0\STM32CubeIDE\plugins\com.st.stm32cube.ide.mcu.externaltools.gnu-tools-for-stm32.13.3.rel1.win32_1.0.0.202411081344\tools\bin/../lib/gcc/arm-none-eabi/13.3.1/../../../../arm-none-eabi/include/c++/13.3.1/bits/stl_deque.h:594:7:std::_Deque_base<_Tp, _Alloc>::_Map_pointer std::_Deque_base<_Tp, _Alloc>::_M_allocate_map(std::size_t) [with _Tp = MotionCommand; _Alloc = std::allocator<MotionCommand>]	32	static
C:\ST\STM32CubeIDE_1.18.0\STM32CubeIDE\plugins\com.st.stm32cube.ide.mcu.externaltools.gnu-tools-for-stm32.13.3.rel1.win32_1.0.0.202411081344\tools\bin/../lib/gcc/arm-none-eabi/13.3.1/../../../../arm-none-eabi/include/c++/13.3.1/bits/stl_deque.h:677:5:void std::_Deque_base<_Tp, _Alloc>::_M_create_nodes(_Map_pointer, _Map_pointer) [with _Tp = MotionCommand; _Alloc = std::allocator<MotionCommand>]	32	static
C:\ST\STM32CubeIDE_1.18.0\STM32CubeIDE\plugins\com.st.stm32cube.ide.mcu.externaltools.gnu-tools-for-stm32.13.3.rel1.win32_1.0.0.202411081344\tools\bin/../lib/gcc/arm-none-eabi/13.3.1/../../../../arm-none-eabi/include/c++/13.3.1/bits/stl_deque.h:263:7:void std::_Deque_iterator<_Tp, _Ref, _Ptr>::_M_set_node(_Map_pointer) [with _Tp = MotionCommand; _Ref = MotionCommand&; _Ptr = MotionCommand*]	24	static
C:\ST\STM32CubeIDE_1.18.0\STM32CubeIDE\plugins\com.st.stm32cube.ide.mcu.externaltools.gnu-tools-for-stm32.13.3.rel1.win32_1.0.0.202411081344\tools\bin/../lib/gcc/arm-none-eabi/13.3.1/../../../../arm-none-eabi/include/c++/13.3.1/bits/stl_deque.h:587:7:void std::_Deque_base<_Tp, _Alloc>::_M_deallocate_node(_Ptr) [with _Tp = MotionCommand; _Alloc = std::allocator<MotionCommand>]	40	static
C:\ST\STM32CubeIDE_1.18.0\STM32CubeIDE\plugins\com.st.stm32cube.ide.mcu.externaltools.gnu-tools-for-stm32.13.3.rel1.win32_1.0.0.202411081344\tools\bin/../lib/gcc/arm-none-eabi/13.3.1/../../../../arm-none-eabi/include/c++/13.3.1/bits/stl_deque.h:576:7:std::_Deque_base<_Tp, _Alloc>::_Map_alloc_type std::_Deque_base<_Tp, _Alloc>::_M_get_map_allocator() const [with _Tp = MotionCommand; _Alloc = std::allocator<MotionCommand>]	32	static
C:\ST\STM32CubeIDE_1.18.0\STM32CubeIDE\plugins\com.st.stm32cube.ide.mcu.externaltools.gnu-tools-for-stm32.13.3.rel1.win32_1.0.0.202411081344\tools\bin/../lib/gcc/arm-none-eabi/13.3.1/../../../../arm-none-eabi/include/c++/13.3.1/bits/stl_deque.h:580:7:std::_Deque_base<_Tp, _Alloc>::_Ptr std::_Deque_base<_Tp, _Alloc>::_M_allocate_node() [with _Tp = MotionCommand; _Alloc = std::allocator<MotionCommand>]	32	static
C:\ST\STM32CubeIDE_1.18.0\STM32CubeIDE\plugins\com.st.stm32cube.ide.mcu.externaltools.gnu-tools-for-stm32.13.3.rel1.win32_1.0.0.202411081344\tools\bin/../lib/gcc/arm-none-eabi/13.3.1/../../../../arm-none-eabi/include/c++/13.3.1/bits/stl_deque.h:151:7:std::_Deque_iterator<_Tp, _Ref, _Ptr>::_Deque_iterator() [with _Tp = MotionCommand; _Ref = MotionCommand&; _Ptr = MotionCommand*]	16	static
C:\ST\STM32CubeIDE_1.18.0\STM32CubeIDE\plugins\com.st.stm32cube.ide.mcu.externaltools.gnu-tools-for-stm32.13.3.rel1.win32_1.0.0.202411081344\tools\bin/../lib/gcc/arm-none-eabi/13.3.1/../../../../arm-none-eabi/include/c++/13.3.1/bits/stl_deque.h:131:21:static std::size_t std::_Deque_iterator<_Tp, _Ref, _Ptr>::_S_buffer_size() [with _Tp = MotionCommand; _Ref = MotionCommand&; _Ptr = MotionCommand*]	8	static
C:\ST\STM32CubeIDE_1.18.0\STM32CubeIDE\plugins\com.st.stm32cube.ide.mcu.externaltools.gnu-tools-for-stm32.13.3.rel1.win32_1.0.0.202411081344\tools\bin/../lib/gcc/arm-none-eabi/13.3.1/../../../../arm-none-eabi/include/c++/13.3.1/bits/stl_deque.h:572:7:const std::_Deque_base<_Tp, _Alloc>::_Tp_alloc_type& std::_Deque_base<_Tp, _Alloc>::_M_get_Tp_allocator() const [with _Tp = MotionCommand; _Alloc = std::allocator<MotionCommand>]	16	static
C:\ST\STM32CubeIDE_1.18.0\STM32CubeIDE\plugins\com.st.stm32cube.ide.mcu.externaltools.gnu-tools-for-stm32.13.3.rel1.win32_1.0.0.202411081344\tools\arm-none-eabi\include\c++\13.3.1\bits\new_allocator.h:104:7:std::__new_allocator<_Tp>::~__new_allocator() [with _Tp = MotionCommand*]	16	static
C:\ST\STM32CubeIDE_1.18.0\STM32CubeIDE\plugins\com.st.stm32cube.ide.mcu.externaltools.gnu-tools-for-stm32.13.3.rel1.win32_1.0.0.202411081344\tools\arm-none-eabi\include\c++\13.3.1\bits\new_allocator.h:156:7:void std::__new_allocator<_Tp>::deallocate(_Tp*, size_type) [with _Tp = MotionCommand*]	24	static
C:\ST\STM32CubeIDE_1.18.0\STM32CubeIDE\plugins\com.st.stm32cube.ide.mcu.externaltools.gnu-tools-for-stm32.13.3.rel1.win32_1.0.0.202411081344\tools\arm-none-eabi\include\c++\13.3.1\bits\new_allocator.h:126:7:_Tp* std::__new_allocator<_Tp>::allocate(size_type, const void*) [with _Tp = MotionCommand*]	32	static
C:\ST\STM32CubeIDE_1.18.0\STM32CubeIDE\plugins\com.st.stm32cube.ide.mcu.externaltools.gnu-tools-for-stm32.13.3.rel1.win32_1.0.0.202411081344\tools\arm-none-eabi\include\c++\13.3.1\bits\new_allocator.h:156:7:void std::__new_allocator<_Tp>::deallocate(_Tp*, size_type) [with _Tp = MotionCommand]	24	static
C:\ST\STM32CubeIDE_1.18.0\STM32CubeIDE\plugins\com.st.stm32cube.ide.mcu.externaltools.gnu-tools-for-stm32.13.3.rel1.win32_1.0.0.202411081344\tools\arm-none-eabi\include\c++\13.3.1\bits\new_allocator.h:126:7:_Tp* std::__new_allocator<_Tp>::allocate(size_type, const void*) [with _Tp = MotionCommand]	32	static
../Core/Src/main.cpp:539:1:void __static_initialization_and_destruction_0()	8	static
../Core/Src/main.cpp:539:1:void __static_initialization_and_destruction_1()	8	static
../Core/Src/main.cpp:539:1:cpp)	8	static
../Core/Src/main.cpp:539:1:cpp)	8	static
